10:58:05 BATTERY START on 84f3cb88
10:58:05 === seed START
10:58:33 === seed EXIT 0 ::   ✓ findByName knows no ghost (cold sky: no registry at all)   ✓ ghosts left no trace: no registry, no presence, no sg_ rows anywhere  64/64 checks passed 
10:58:33 === comet START
10:59:12 === comet EXIT 0 ::   ✓ restored to 1 → one pip again   ✓ no page errors  44 passed, 0 failed 
10:59:12 === clock START
11:01:49 === clock EXIT 0 ::   ✓ a campaign over many nights reads as minutes  [5:34]   ✓ no page errors  34 passed, 0 failed 
11:01:49 === chip-novs START
11:02:59 === chip-novs EXIT 0 ::   ✓ gilded dawn dealt its tier-1 tile true  [gv-11-#6e3c03-s]   ✓ no page errors (pick)  45 passed, 0 failed 
11:02:59 === cadence START
11:05:24 === cadence EXIT 0 ::   ✓ restored: the row types sigil again   ✓ no page errors (daily + seam)  56 passed · 0 failed 
11:05:24 === wake START
11:06:55 === wake EXIT 0 ::   ✓ the door counts in Spanish: "12 despiertos · 1 a punto"  [✦  TUS CIELOS · 12 despiertos · 1 a punto  ›]   ✓ no page errors  63 passed, 0 failed 
11:06:55 === tier START
11:09:48 === tier EXIT 0 ::   ✓ …and strengthened a sigil on the way (demoStep took the upgrade screen)  [{"choir":2}]   ✓ no page errors (the demo)  79 passed · 0 failed 
11:09:48 === endless START
11:11:32 === endless EXIT 0 ::   ✓ the Spanish tab fits its pill   ✓ no page errors (the column)  87 passed · 0 failed 
11:11:32 === signlevel START
11:13:11 === signlevel EXIT 1 ::     at async file:///Users/admin/DrBango/beta3/tools/signlevel-check.mjs:249:5     at async file:///Users/admin/DrBango/beta3/tools/signlevel-check.mjs:247:65  Node.js v22.23.2 
11:13:11 === hard START
11:15:11 === hard EXIT 0 ::   ✓ the Board pill speaks it too  107 passed · 0 failed zero page exceptions 
11:15:11 === dew START
11:16:56 === dew EXIT 0 ::   ✓ no dew beacon in versus   ✓ no page errors (versus)  61 passed, 0 failed 
11:16:56 === sign START
11:17:55 === sign EXIT 0 ::   ✓ iPad portrait · virgo: no text overlaps, one-line law   ✓ no page exceptions  69 passed, 0 failed 
11:17:55 === zod-art START
11:18:38 === zod-art EXIT 1 ::   ✓ BEGIN under TAURUS pins beta3.campsign and opens the chart  [taurus]   ✓ no page exceptions  11 passed, 14 failed 
11:18:38 === crisp-se START
11:18:53 === crisp-se EXIT 0 ::   se               375x667   @2     buf 750x1334  cv  home 2.58  battle 2.3  sigils 1.99  share 2.1  · taps ✓✓✓✓ one line: min ratio per device — se 1.99; control undefined  30/30 passed 
11:18:58 === streak START
11:19:01 === streak EXIT 1 ::   } }  Node.js v22.23.2 
11:19:06 === drip START
11:19:08 === drip EXIT 1 ::   } }  Node.js v22.23.2 
11:19:13 === tagline START
11:19:15 === tagline EXIT 1 ::   } }  Node.js v22.23.2 
11:19:21 === desc START
11:19:23 === desc EXIT 1 ::   } }  Node.js v22.23.2 
11:19:28 === dev START
11:19:30 === dev EXIT 1 ::   } }  Node.js v22.23.2 
11:19:38 === names START
11:19:41 === names EXIT 1 ::   } }  Node.js v22.23.2 
11:19:49 === byname START
11:20:14 BATTERY2 START (fixed launch ordering)
11:20:16 === signlevel-rerun START
11:23:45 === signlevel-rerun EXIT 0 ::   ✓ de: the rite wears the pack's dress — head, nameplate level word, levelled desc, no %k   ✓ no page exceptions (the tongues)  86 passed, 0 failed 
11:23:50 === streak START
11:26:16 === streak EXIT 1 ::   ✓ and a later boot does NOT hold the ceremony again  57 passed, 2 failed no page errors 
11:26:21 === drip START
11:33:45 === drip EXIT 0 ::   ✓ a German boot reads the whole rite in German  [SIGEL ENTDECKT · NOCH SCHLAFEND · DEIN HIMMEL]  70 passed, 0 failed zero page exceptions 
11:33:50 === tagline START
11:36:34 === tagline EXIT 0 ::   ✓ ja: the tagline is one line   ✓ the whole run threw no page exceptions  69 passed, 0 failed 
11:36:39 === desc START
11:39:22 === desc EXIT 0 ::   ✓ a real ?lang=ja boot stands   ✓ ja for real: SS_LANG=ja, all 24 descs inked and fitted (2 multi-line); a block setText/setColor rebuilds in place  [{"lang":"ja","bad":0,"two":2,"block":{"n1":1,"n2":2,"col":"#ffffff","law":0,"centred":true}}]  106 passed, 0 failed 
11:39:27 === dev START
11:39:42 === dev EXIT 0 ::   ✓ plain boot: no diag box   ✓ test_ identity writes nothing home without ?devreport=1   ✓ no page exceptions 21/21 passed 
11:39:50 === names START
11:40:16 === names EXIT 0 ::   ✓ ar held: ≥2 single-line Texts, all fit, both names present  [{"n":4,"nl":false,"wide":0,"empty":0,"body":"مراقب نجوم آخر يُدعى Moonlit Lantern بالفعل · تبقى Winter Serpent 431 مراقب]   ✓ no page exceptions   ✓ cleanup: every claim this run made is gone  [names/race s846o names/velvet widow names
11:40:24 === byname START
11:40:53 === byname EXIT 0 ::   ✓ ar: all 8 strings present, %1 kept where a name goes  [{"miss":[],"pct":8}]   ✓ no page exceptions   ✓ cleanup: everything this run wrote is gone 51/51 passed 
11:41:01 === recent START
11:50:41 === recent EXIT 142 :: A=ud4ef0rca "Ember 5LUQC"   B=u3zgggrcb "Rival 3D5R4" 
11:50:52 === vs-match START
11:55:37 === vs-match EXIT 0 ::   ✓ the duel rises   ✓ no page exceptions across the three tabs  34 passed, 0 failed 
11:55:39 === rival START
12:00:40 === rival EXIT 0 ::   ✓ no engine errors  218 passed, 0 failed no page errors 
12:00:45 === fps START
12:09:59 === fps EXIT 1 ::   ✓ overlay names the failure, not a bare em dash  [21 FPS · 67ms · CV 1500×2103 · dpr3 | gl —(0f) · cv 83.4 ms/f · CV (gl throw)]   ✓ WebGL restored afterwards: a healthy device is untouched by all this \n148 passed, 2 failed zero page exceptions 
12:10:01 BATTERY2 DONE
