A=umsmkubna "Seeker AH6DE"   B=unia4fbnb "Target U7332"
  ✓ both clients reach the sky
  ✓ registry holds both names
  ✓ SSNET.findByName folds case and spacing to the uid
  ✓ SSNET.findByName misses honestly
  ✓ A sees B online
  ✓ A opens VERSUS (BY NAME door built)
  ✓ a real tap on BY NAME opens the input, focused
  ✓ the input carries the mage-name placeholder
  ✓ A lands in a challenge lobby aimed at B  [  TARget   u7332 ]
  ✓ lobby wears B's name as B wears it, and waits for an answer  [waiting for Target U7332 to answer… the seal above works too]
  ✓ the input is gone from the page
  ✓ invites/<B>/<A> = {name, code, mode, at}  [{"at":1788363631168,"code":"SGRV","mode":"turns","name":"Seeker AH6DE"}]
  ✓ B's summons banner rings with A's name
  ✓ B joins and the duel starts on both sides
  ✓ both seats are taken  [umsmkubna,unia4fbnb]
  ✓ the bell is answered (invite row gone)
  ✓ crisp sentinel green after the typed challenge  [{"ok":true,"heals":0,"crisp":true}]
  ✓ both back on the meadow
  ✓ A opens VERSUS again
  ✓ BY NAME opens the input
  ✓ the miss is named honestly  [no mage bears the name nobody here bh8mk — check the spelling and try again]
  ✓ the field comes back holding what was typed (retry)  [nobody here bh8mk]
  ✓ still on the versus menu, nothing sealed
  ✓ Escape closes the field without ringing anyone
  ✓ BY NAME reopens prefilled with the last try
  ✓ your own name is a gentle no  [that is your own name — the stars will not set you against yourself]
  ✓ own name: no lobby, no input, menu free
  ✓ A sees B leave the sky
  ✓ BY NAME opens the input
  ✓ A lands in a lobby aimed at the absent B
  ✓ the seeker is told the summons waits under their stars  [Target U7332 is away from the sky — your summons waits under their stars until they return]
  ✓ the invite row lands for the absent mage  [{"at":1788363638302,"code":"XZWZ","mode":"turns","name":"Seeker AH6DE"}]
  ✓ …and survives while the lobby stands
  ✓ the standing lobby re-rings the bell (at refreshed, same seal)  [{"at":1788363645560,"code":"XZWZ","mode":"turns","name":"Seeker AH6DE"}]
  ✓ the room still waits, private, for B
  ✓ B returns to the sky
  ✓ B finds the summons waiting under their stars
  ✓ B answers and the duel starts
  ✓ crisp sentinel still green  [{"ok":true,"heals":0,"crisp":true}]
  ✓ en: all 8 strings present, %1 kept where a name goes  [{"miss":[],"pct":8}]
  ✓ es: all 8 strings present, %1 kept where a name goes  [{"miss":[],"pct":8}]
  ✓ fr: all 8 strings present, %1 kept where a name goes  [{"miss":[],"pct":8}]
  ✓ pt: all 8 strings present, %1 kept where a name goes  [{"miss":[],"pct":8}]
  ✓ de: all 8 strings present, %1 kept where a name goes  [{"miss":[],"pct":8}]
  ✓ ja: all 8 strings present, %1 kept where a name goes  [{"miss":[],"pct":8}]
  ✓ ko: all 8 strings present, %1 kept where a name goes  [{"miss":[],"pct":8}]
  ✓ zh: all 8 strings present, %1 kept where a name goes  [{"miss":[],"pct":8}]
  ✓ hi: all 8 strings present, %1 kept where a name goes  [{"miss":[],"pct":8}]
  ✓ ar: all 8 strings present, %1 kept where a name goes  [{"miss":[],"pct":8}]
  ✓ no page exceptions
  ✓ cleanup: everything this run wrote is gone
51/51 passed
