
CADENCE-CHECK · sigils every 2-3 fights, in every mode

— THE TABLE —
  ✓ quick run at pick
  ✓ sky blocked (local net)  [local]
  ✓ one row per mode + the reserved pair  [campaign,quick,daily,versus,endless,hard]
  ✓ campaign row: hook 0, gap 2-3, act bosses pay
  ✓ quick and daily ride the same rhythm
  ✓ versus row keeps the duel's every-3rd-cast
  ✓ the offer types are sigil + upgrade
  ✓ every live row types sigil — upgrade rides the up share, never the type
  ✓ campaign/quick/daily/endless ship an up share (source)
  ✓ the versus row carries no up share
  ✓ versus.js reads the table's row (source)
  ✓ the rival engine reads the same row (source)

— THE PLAN'S LAWS (300 synthetic seeds) —
  ✓ the plan is deterministic per seed
  ✓ the hook: fight 0 always pays
  ✓ the act bosses (4 · 9 · 14) always pay
  ✓ the final fight never pays — that win ends the run
  ✓ gaps run 2-4 (4 only folding into a boss), never adjacent
  ✓ campaign pays 7-9 offers per climb  [{"7":115,"8":135,"9":50}]
  ✓ quick/daily: exactly 2 — the hook + fight 3 or 4  [{"0,3":149,"0,2":151}]
  ✓ a versus row builds no fight plan

— THE 20-FIGHT CLIMB, FOR REAL —
  ✓ fresh campaign stands at fight 0
  ✓ the battle carries its plan  [0 4 7 9 12 14 16 18]
  ✓ …derived from the pinned roster (recomputed = carried)
  ✓ every offer landed exactly where the plan says  [plan 0 4 7 9 12 14 16 18 · offered 0 4 7 9 12 14 16 18]
  ✓ offers matched the plan, positions and count  [0 4 7 9 12 14 16 18]
  ✓ the bosses' offers rode with them (4 · 9 · 14)
  ✓ a reloaded checkpoint recomputes the SAME schedule
  ✓ …and the resumed run still wears its picks
  ✓ the quiet fights kept their beat — the chart, never a blank
  ✓ the climb ended at the summit
  ✓ the run holds one sigil per offer paid  [8 of 8]
  ✓ no page errors (the climb)

— THE RARITY RAMP —
  ✓ chances key on fights fought, not offers made  [{"rare":0.2673684210526316,"leg":0.047368421052631574}]
  ✓ the last act reaches the legendary band  [leg@17 0.151 · leg@19 0.180]
  ✓ a 400-board roll at the summit surfaces legendaries  [leg 225 · rare 478]

— QUICK PLAY —
  ✓ quick run at pick
  ✓ quick's plan wears its row  [0 3]
  ✓ quick's offers landed on its row alone  [plan 0 3 · offered 0 3]
  ✓ DRACO's fall ends the run — no dangling offer
  ✓ no page errors (quick)

— THE DAILY HUNT —
  ✓ daily battle at pick
  ✓ the daily's plan wears the row  [0 2]
  ✓ a second hunter boots the same day
  ✓ …and meets the offers at the SAME fights (shared-fair)  [0 2 = 0 2]
  ✓ the daily's hook pays at fight 0
  ✓ …with a full pick on the table (3 cards)
  ✓ the pick still takes

— THE UPGRADE OFFER TYPE —
  ✓ fight 1 in hand for the seam
  ✓ an upgrade-typed row opens the STRENGTHEN screen  [upgrade]
  ✓ one upgradable row per held sigil, tagged for the demo picker  [{"rows":1,"tagged":1}]
  ✓ a real tap strengthens the held sigil (tier 2 stands)  [{"hush":2}]
  ✓ …and the run rides on to fight 2
  ✓ a junk type falls to the sigil pick — never a dead screen  [sigil]
  ✓ the pick still takes
  ✓ restored: the row types sigil again
  ✓ no page errors (daily + seam)

56 passed · 0 failed
