
— THE PLAIN BOARD PRINTS THE PLAIN TRUTH —
  ✓ quick run at pick
  ✓ lb rides the sigil defs
  ✓ all eight chips plain: letter points, no spark

— RIVER RUNES RAISES ITS FOUR ON THE BOARD —
  ✓ S R E T read base+2, warm ink, spark; a b k qu untouched
  ✓ spark texture is keyed apart and baked
  ✓ the spark carries real ink beside the number  [443 vs 366]

— THE CHOIR RAISES THE VOWELS · BOTH STACK —
  ✓ vowels read base+2; s r t back to plain
  ✓ stacked: e reads base+4, s r t a +2, b k qu plain
  ✓ E stacks both (+4)  [gv-5-#7d4a10-s]

— THE CAST PAYS EXACTLY WHAT THE CHIPS PRINT —
  ✓ a word on plain tiles  [[0,2,4,3,5,15,8,6]]
  ✓ taps selected the word  [[0,2,4,3,5,15,8,6]]
  ✓ CAST preview = sum of printed chips × length curve  [CAST 64 vs 64]
  ✓ previewDamage agrees
  ✓ cast lands and refills
  ✓ the beast paid the printed sum  [99999 → 99935]
  ✓ quill adds +4 to the word, never to a chip  [CAST 55 vs 55]

— DATA-DRIVEN: THE DEF IS THE DIAL —
  ✓ lb.add=5 → the S chip prints 6 (nothing hard-coded)  [gv-6-#7d4a10-s]
  ✓ …and wordDamage moved with it  [4]
  ✓ restored to +2  [gv-3-#7d4a10-s]

— TIERS, DEW, INK AND THE DRAIN KEEP THE LAW —
  ✓ gilded S prints 1+6+2, warm gold ink, spark  [gv-9-#6e3c03-s]
  ✓ star E keeps blue ink; the spark tells (+4)  [gv-5-#215a7c-s]
  ✓ inkWorth weighs the true worth
  ✓ drained S repaints to 1+2, still sparked  [gv-3-#7d4a10-s]
  ✓ drained E repaints to 1+4, still sparked  [gv-5-#7d4a10-s]
  ✓ the dew keeps its heart — never a sparked number  [gv-♥6-#22572a]
  ✓ a dewed R still pays letter+2 in the damage math
  ✓ …and its inkWorth carries balm + rune (1+2+6)
  ✓ an inked T prints the flat 0, no spark  [gv-0-#9a90c4]
  ✓ repaint leaves the ink alone  [gv-0-#9a90c4]
  ✓ an inked T pays nothing

— SCRY DEALS TRUE · THE CHIPS STAY SHARP AT DPR 3 —
  ✓ scry redeals to pick
  ✓ every scried chip prints its true worth
  ✓ at least one raised chip on the scried board
  ✓ raised chips are pixel-sharp at dpr 3 (ratio ≥ 1.4 each)  [[2.69,2.64,2.56]]
  ✓ no page errors (chips)

— A REAL PICK BETWEEN FIGHTS SHOWS ON THE NEXT DEAL —
  ✓ fresh quick run at pick
  ✓ a killing word
  ✓ the fell brings the sigil pick
  ✓ the choir card is on the table
  ✓ the choir is taken
  ✓ the next fight deals
  ✓ every dealt chip prints the true worth under 22 sigils
  ✓ the deal raised at least one vowel
  ✓ gilded dawn dealt its tier-1 tile true  [gv-11-#6e3c03-s]
  ✓ no page errors (pick)

45 passed, 0 failed
