
— THE CLOCK RUNS ONLY WHILE PLAYED —
  ✓ quick run at pick
  ✓ the wall-clock anchor is gone from the run
  ✓ runElapsed reads the accumulator, nothing else
  ✓ visible + focused: the clock ticks with the wall  [225 → 2785]

— THE FROZEN TAB: ONE GIANT DELTA, DROPPED —
  ✓ the hour lands in one delta and is dropped  [2819 → 3647]
  ✓ …and the clock resumes where it stopped  [3647 → 5100]

— HIDDEN (visibilitychange) —
  ✓ a hidden span adds nothing  [5141 → 5823]
  ✓ …and the return resumes it  [5823 → 7374]

— BLUR / FOCUS (the loop keeps running) —
  ✓ a blurred span adds nothing, even in small steps  [7412 → 7448]
  ✓ a live hasFocus() heals a missed focus event  [7448 → 8820]
  ✓ a false hasFocus() alone never stops the clock  [8861 → 10258]

— THE END SCREEN —
  ✓ the run ends
  ✓ the ledger tells the honest mm:ss  [12:34]
  ✓ the end screen never ticks  [754321 → 754321]

— ?demo=1: A RUN WITH A 2-MINUTE ABSENCE IN IT —
  ✓ demo battle up
  ✓ the solver cast a word
  ✓ the run finishes
  ✓ beta3.result carries elapsed  [94526]
  ✓ the absence is not in it  [94526 vs skew 120000, wall 110963]

— THE CHECKPOINT ROUND-TRIP —
  ✓ campaign resumed at fight 2
  ✓ a clockV 2 playMs is trusted whole  [120061]
  ✓ active play grows it  [120061 → 121650]
  ✓ blur folds the count into the checkpoint  [121683]
  ✓ …and ONLY the count — the run state stands
  ✓ hidden folds it too  [121683 → 122491]
  ✓ pagehide folds it too  [122491 → 123307]
  ✓ pageshow lets it tick again
  ✓ scene shutdown folds it  [124357 → 124357]
  ✓ the resume round-trip carries the count  [124357 → 124389]
  ✓ saveCheckpoint writes the honest count under the new law  [[124419,124419,2]]

— MIGRATION: THE OLD CHECKPOINT'S DAYS BECOME MINUTES —
  ✓ three days migrate to the 45-minute cap  [2700036]
  ✓ a modest old value rides untouched  [300035]
  ✓ a campaign over many nights reads as minutes  [5:34]
  ✓ no page errors

34 passed, 0 failed
