
COMET-CHECK · the limited free scry

— THE DEF IS THE DIAL —
  ✓ versus VS_OK never held comet (source)  [quill,choir,runes,forge,longbow,blood]
  ✓ quick run at pick
  ✓ sky blocked (local net)  [local]
  ✓ charges live on the def: comet carries 1
  ✓ a chargeless sigil reads 0
  ✓ en desc says what it does now
  ✓ all 9 language packs carry the new line  [9 fresh]

— WITHOUT THE TRAIL, EVERY SCRY HASTENS —
  ✓ no pips when the sigil is not held
  ✓ first scry (unheld) — real tap
  ✓ …ticks the beast: 3 → 2  [2]

— ONE FREE SCRY, THEN THE PRICE —
  ✓ fight restarts holding comet
  ✓ charge granted at fight start
  ✓ one pip, lit gold  [[{"c":"#ffd77a","a":0.95}]]
  ✓ first scry (held) — real tap
  ✓ …rides free: count stays 3  [3]
  ✓ charge spent
  ✓ pip cools to a cinder  [[{"c":"#5a6390","a":0.55}]]
  ✓ second scry — real tap
  ✓ …ticks: 3 → 2 (as if unheld)  [2]
  ✓ third scry — real tap
  ✓ …ticks again: 2 → 1  [1]
  ✓ scry at the brink — real tap
  ✓ …and the strike honestly LANDS (hp fell)  [50 → 38]

— EVERY BATTLE BURNS FRESH —
  ✓ a felling word  [[7,8,2,15,1]]
  ✓ cast fells the beast → the sigil offer
  ✓ a real pick seats the next fight
  ✓ fight 1 stands  [1]
  ✓ the charge is back
  ✓ pip relit  [[{"c":"#ffd77a","a":0.95}]]
  ✓ new battle's first scry rides free again

— THE ARCHER STILL LOOSES —
  ✓ charged scry — real tap
  ✓ arrow hit for 6, strike unhastened  [hp 494 count 3]
  ✓ spent scry — real tap
  ✓ arrow hit AND the tick: 494→488, 3→2  [hp 488 count 2]
  ✓ a scry whose arrow FELLS — real tap
  ✓ …spends no charge (death took over first)
  ✓ the offer clears

— THE COMING TIERS TURN ONE NUMBER —
  ✓ charges=3 live → three granted
  ✓ three pips, all lit  [[{"c":"#ffd77a","a":0.95},{"c":"#ffd77a","a":0.95},{"c":"#ffd77a","a":0.95}]]
  ✓ three scries ride free  [count 5]
  ✓ all three pips spent  [[{"c":"#5a6390","a":0.55},{"c":"#5a6390","a":0.55},{"c":"#5a6390","a":0.55}]]
  ✓ the fourth ticks: 5 → 4  [4]
  ✓ restored to 1 → one pip again
  ✓ no page errors

44 passed, 0 failed
