
━━ iPhone SE (2nd/3rd) — 375×667 @2
  ✓ home stands
  ✓ canvas buffer 750x1334 === css 375x667 × dpr 2  [inner 375x667 devicePixelRatio 2 style 375x667]
  ✓ game.scale === the buffer  [750x1334]
  ✓ no CSS transform on the canvas or its ancestors, visualViewport scale 1  [tf none anc none vv [375,667,1]]
  ✓ the sentinel agrees: crisp, zero heals  [crisp true heals 0 · cv forced · insets 0/0]
  ✓ home sharpness: min ratio 2.58 ≥ 1.3 over 4 regions  [weave words · fell:3.38 NEW GAME:2.58 ⚔ VERSUS ⚔:2.9 btndark@152x30:3.31]
  ✓ home layout: 13 texts + 9 targets in the safe band, none clipped
  ✓ home tap targets ≥ 44 pt
  ✓ home no text overlaps, one-line law
  ✓ a real touch on NEW GAME opens the sign sheet  [touch at 188,379 css]
  ✓ the quick run stands (16 tiles, state pick)
  ✓ battle sharpness: min ratio 2.3 ≥ 1.3 over 10 regions  [Container:2.5 Container:2.47 Container:2.49 Container:2.52 Container:2.67 Container:2.55 Container:2.63 Container:2.63 QUICK PLAY:2.31 THE ZIGZAG LIZARD:2.3]
  ✓ battle layout: 13 texts + 20 targets in the safe band, none clipped
  ✓ battle tap targets ≥ 44 pt
  ✓ battle no text overlaps, one-line law
  ✓ a real touch on a tile selects it (sel = [5])  [touch at 152,428 css]
  ✓ the sigil sheet stands (3 cards)
  ✓ sigils sharpness: min ratio 1.99 ≥ 1.3 over 4 regions  [— CHOOSE A SIGIL —:1.99 Container:2.14 Container:2.13 Container:2.21]
  ✓ sigils layout: 12 texts + 3 targets in the safe band, none clipped
  ✓ sigils tap targets ≥ 44 pt
  ✓ sigils no text overlaps, one-line law
  ✓ a real touch on the middle card takes BLOOD INK  [touch at 188,364 css]
  ✓ a daily stands for the share card
  ✓ the share button is on the end screen
  ✓ share sharpness: min ratio 2.1 ≥ 1.3 over 9 regions  [0:2.4 50 / 50:2.48 46 / 46:3.91 3 / 5:2.37 7:2.46 31:2.5 0:00:2.1 🔥 night 14:2.38 ✶ SHARE TODAY'S HU:2.71]
  ✓ share layout: 21 texts + 3 targets in the safe band, none clipped
  ✓ share tap targets ≥ 44 pt
  ✓ share no text overlaps, one-line law
  ✓ a real touch on SHARE copies the card (and never calls navigator.share)  [touch at 188,485 css]
  ✓ no page exceptions across the matrix

SHARPNESS (min crisp/upscaled ratio per surface · floor by dpr) — taps: menu tile card share
  se               375x667   @2     buf 750x1334  cv  home 2.58  battle 2.3  sigils 1.99  share 2.1  · taps ✓✓✓✓
one line: min ratio per device — se 1.99; control undefined

30/30 passed
