
DESC-CHECK · the two-line sigil descs


── ?rend=cv ──
  ✓ the meadow stands
  ✓ the renderer really is cv  [cv]
  ✓ en: all 24 pick descs + 39 tier descs — ink on every line, no newline, no stray %k, breaks where wordWrap put them (32 multi-line, 0 shrunk)  [n=63]
  ✓ es: all 24 pick descs + 39 tier descs — ink on every line, no newline, no stray %k, breaks where wordWrap put them (44 multi-line, 0 shrunk)  [n=63]
  ✓ fr: all 24 pick descs + 39 tier descs — ink on every line, no newline, no stray %k, breaks where wordWrap put them (42 multi-line, 0 shrunk)  [n=63]
  ✓ pt: all 24 pick descs + 39 tier descs — ink on every line, no newline, no stray %k, breaks where wordWrap put them (41 multi-line, 0 shrunk)  [n=63]
  ✓ de: all 24 pick descs + 39 tier descs — ink on every line, no newline, no stray %k, breaks where wordWrap put them (49 multi-line, 0 shrunk)  [n=63]
  ✓ ja: all 24 pick descs + 39 tier descs — ink on every line, no newline, no stray %k, breaks where wordWrap put them (12 multi-line, 0 shrunk)  [n=63]
  ✓ ko: all 24 pick descs + 39 tier descs — ink on every line, no newline, no stray %k, breaks where wordWrap put them (10 multi-line, 0 shrunk)  [n=63]
  ✓ zh: all 24 pick descs + 39 tier descs — ink on every line, no newline, no stray %k, breaks where wordWrap put them (7 multi-line, 0 shrunk)  [n=63]
  ✓ hi: all 24 pick descs + 39 tier descs — ink on every line, no newline, no stray %k, breaks where wordWrap put them (5 multi-line, 0 shrunk)  [n=63]
  ✓ ar: all 24 pick descs + 39 tier descs — ink on every line, no newline, no stray %k, breaks where wordWrap put them (7 multi-line, 0 shrunk)  [n=63]
  ✓ 630 descs walked, 249 of them multi-line, and not one bakes a multi-line Text
  ✓ the English two-liners split as the phone saw them: FIRST LIGHT / BLOOD INK / LEYLINE ROOTS / MOONWARD are 2 lines each
  ✓ en: sign descs at L1/22/50 + every wording band — 38 distinct strings, ink on every line, no stray %k  [n=38]
  ✓ es: sign descs at L1/22/50 + every wording band — 38 distinct strings, ink on every line, no stray %k  [n=38]
  ✓ fr: sign descs at L1/22/50 + every wording band — 38 distinct strings, ink on every line, no stray %k  [n=38]
  ✓ pt: sign descs at L1/22/50 + every wording band — 38 distinct strings, ink on every line, no stray %k  [n=38]
  ✓ de: sign descs at L1/22/50 + every wording band — 38 distinct strings, ink on every line, no stray %k  [n=38]
  ✓ ja: sign descs at L1/22/50 + every wording band — 38 distinct strings, ink on every line, no stray %k  [n=38]
  ✓ ko: sign descs at L1/22/50 + every wording band — 38 distinct strings, ink on every line, no stray %k  [n=38]
  ✓ zh: sign descs at L1/22/50 + every wording band — 38 distinct strings, ink on every line, no stray %k  [n=38]
  ✓ hi: sign descs at L1/22/50 + every wording band — 38 distinct strings, ink on every line, no stray %k  [n=38]
  ✓ ar: sign descs at L1/22/50 + every wording band — 38 distinct strings, ink on every line, no stray %k  [n=38]
  ✓ a two-line BLOOD INK card matches a legacy wordWrap card pixel for pixel (avg channel diff < 1.5)  [0.041 · 22755 bright px]
  ✓ en: inspector — 24 held descs + 12 sleeping conditions, every line inked, no multi-line Text (2+1 multi-line)
  ✓ es: inspector — 24 held descs + 12 sleeping conditions, every line inked, no multi-line Text (8+2 multi-line)
  ✓ fr: inspector — 24 held descs + 12 sleeping conditions, every line inked, no multi-line Text (6+1 multi-line)
  ✓ pt: inspector — 24 held descs + 12 sleeping conditions, every line inked, no multi-line Text (6+3 multi-line)
  ✓ de: inspector — 24 held descs + 12 sleeping conditions, every line inked, no multi-line Text (6+4 multi-line)
  ✓ ja: inspector — 24 held descs + 12 sleeping conditions, every line inked, no multi-line Text (1+1 multi-line)
  ✓ ko: inspector — 24 held descs + 12 sleeping conditions, every line inked, no multi-line Text (1+1 multi-line)
  ✓ zh: inspector — 24 held descs + 12 sleeping conditions, every line inked, no multi-line Text (1+0 multi-line)
  ✓ hi: inspector — 24 held descs + 12 sleeping conditions, every line inked, no multi-line Text (1+0 multi-line)
  ✓ ar: inspector — 24 held descs + 12 sleeping conditions, every line inked, no multi-line Text (1+0 multi-line)
  ✓ en: rite — effect + condition inked line by line, scrollFactor 0 on every child, the ladder stacks on measured height (1+1 lines)  [{"rd":1,"rh":1,"sf":true,"ladder":true,"law":[]}]
  ✓ es: rite — effect + condition inked line by line, scrollFactor 0 on every child, the ladder stacks on measured height (1+1 lines)  [{"rd":1,"rh":1,"sf":true,"ladder":true,"law":[]}]
  ✓ fr: rite — effect + condition inked line by line, scrollFactor 0 on every child, the ladder stacks on measured height (1+1 lines)  [{"rd":1,"rh":1,"sf":true,"ladder":true,"law":[]}]
  ✓ pt: rite — effect + condition inked line by line, scrollFactor 0 on every child, the ladder stacks on measured height (1+1 lines)  [{"rd":1,"rh":1,"sf":true,"ladder":true,"law":[]}]
  ✓ de: rite — effect + condition inked line by line, scrollFactor 0 on every child, the ladder stacks on measured height (1+1 lines)  [{"rd":1,"rh":1,"sf":true,"ladder":true,"law":[]}]
  ✓ ja: rite — effect + condition inked line by line, scrollFactor 0 on every child, the ladder stacks on measured height (1+1 lines)  [{"rd":1,"rh":1,"sf":true,"ladder":true,"law":[]}]
  ✓ ko: rite — effect + condition inked line by line, scrollFactor 0 on every child, the ladder stacks on measured height (1+1 lines)  [{"rd":1,"rh":1,"sf":true,"ladder":true,"law":[]}]
  ✓ zh: rite — effect + condition inked line by line, scrollFactor 0 on every child, the ladder stacks on measured height (1+1 lines)  [{"rd":1,"rh":1,"sf":true,"ladder":true,"law":[]}]
  ✓ hi: rite — effect + condition inked line by line, scrollFactor 0 on every child, the ladder stacks on measured height (1+1 lines)  [{"rd":1,"rh":1,"sf":true,"ladder":true,"law":[]}]
  ✓ ar: rite — effect + condition inked line by line, scrollFactor 0 on every child, the ladder stacks on measured height (1+1 lines)  [{"rd":1,"rh":1,"sf":true,"ladder":true,"law":[]}]
  ✓ a blanked line is re-baked and COUNTED only once the re-bake shows ink  [["healed 1 blank text(s) · drill","unhealable: Your first word each · drill"]]
  ✓ a re-bake that stays inkless is NOT counted — DIAG says `unhealable: <first words>`  [["healed 1 blank text(s) · drill","unhealable: Your first word each · drill"]]
  ✓ the battle stands
  ✓ the pick shows three two-line cards, every line inked, and no multi-line Text anywhere on the overlay  [{"state":"sigil","n":3,"lines":[2,2,2],"ink":true,"law":[]}]
  ✓ a real tap on the middle card (BLOOD INK) takes it
  ✓ no page exceptions across the walk

── ?rend=gl ──
  ✓ the meadow stands
  ✓ the renderer really is gl  [gl]
  ✓ en: all 24 pick descs + 39 tier descs — ink on every line, no newline, no stray %k, breaks where wordWrap put them (32 multi-line, 0 shrunk)  [n=63]
  ✓ es: all 24 pick descs + 39 tier descs — ink on every line, no newline, no stray %k, breaks where wordWrap put them (44 multi-line, 0 shrunk)  [n=63]
  ✓ fr: all 24 pick descs + 39 tier descs — ink on every line, no newline, no stray %k, breaks where wordWrap put them (42 multi-line, 0 shrunk)  [n=63]
  ✓ pt: all 24 pick descs + 39 tier descs — ink on every line, no newline, no stray %k, breaks where wordWrap put them (41 multi-line, 0 shrunk)  [n=63]
  ✓ de: all 24 pick descs + 39 tier descs — ink on every line, no newline, no stray %k, breaks where wordWrap put them (49 multi-line, 0 shrunk)  [n=63]
  ✓ ja: all 24 pick descs + 39 tier descs — ink on every line, no newline, no stray %k, breaks where wordWrap put them (12 multi-line, 0 shrunk)  [n=63]
  ✓ ko: all 24 pick descs + 39 tier descs — ink on every line, no newline, no stray %k, breaks where wordWrap put them (10 multi-line, 0 shrunk)  [n=63]
  ✓ zh: all 24 pick descs + 39 tier descs — ink on every line, no newline, no stray %k, breaks where wordWrap put them (7 multi-line, 0 shrunk)  [n=63]
  ✓ hi: all 24 pick descs + 39 tier descs — ink on every line, no newline, no stray %k, breaks where wordWrap put them (5 multi-line, 0 shrunk)  [n=63]
  ✓ ar: all 24 pick descs + 39 tier descs — ink on every line, no newline, no stray %k, breaks where wordWrap put them (7 multi-line, 0 shrunk)  [n=63]
  ✓ 630 descs walked, 249 of them multi-line, and not one bakes a multi-line Text
  ✓ the English two-liners split as the phone saw them: FIRST LIGHT / BLOOD INK / LEYLINE ROOTS / MOONWARD are 2 lines each
  ✓ en: sign descs at L1/22/50 + every wording band — 38 distinct strings, ink on every line, no stray %k  [n=38]
  ✓ es: sign descs at L1/22/50 + every wording band — 38 distinct strings, ink on every line, no stray %k  [n=38]
  ✓ fr: sign descs at L1/22/50 + every wording band — 38 distinct strings, ink on every line, no stray %k  [n=38]
  ✓ pt: sign descs at L1/22/50 + every wording band — 38 distinct strings, ink on every line, no stray %k  [n=38]
  ✓ de: sign descs at L1/22/50 + every wording band — 38 distinct strings, ink on every line, no stray %k  [n=38]
  ✓ ja: sign descs at L1/22/50 + every wording band — 38 distinct strings, ink on every line, no stray %k  [n=38]
  ✓ ko: sign descs at L1/22/50 + every wording band — 38 distinct strings, ink on every line, no stray %k  [n=38]
  ✓ zh: sign descs at L1/22/50 + every wording band — 38 distinct strings, ink on every line, no stray %k  [n=38]
  ✓ hi: sign descs at L1/22/50 + every wording band — 38 distinct strings, ink on every line, no stray %k  [n=38]
  ✓ ar: sign descs at L1/22/50 + every wording band — 38 distinct strings, ink on every line, no stray %k  [n=38]
  ✓ a two-line BLOOD INK card matches a legacy wordWrap card pixel for pixel (avg channel diff < 1.5)  [0.002 · 24169 bright px]
  ✓ en: inspector — 24 held descs + 12 sleeping conditions, every line inked, no multi-line Text (2+1 multi-line)
  ✓ es: inspector — 24 held descs + 12 sleeping conditions, every line inked, no multi-line Text (8+2 multi-line)
  ✓ fr: inspector — 24 held descs + 12 sleeping conditions, every line inked, no multi-line Text (6+1 multi-line)
  ✓ pt: inspector — 24 held descs + 12 sleeping conditions, every line inked, no multi-line Text (6+3 multi-line)
  ✓ de: inspector — 24 held descs + 12 sleeping conditions, every line inked, no multi-line Text (6+4 multi-line)
  ✓ ja: inspector — 24 held descs + 12 sleeping conditions, every line inked, no multi-line Text (1+1 multi-line)
  ✓ ko: inspector — 24 held descs + 12 sleeping conditions, every line inked, no multi-line Text (1+1 multi-line)
  ✓ zh: inspector — 24 held descs + 12 sleeping conditions, every line inked, no multi-line Text (1+0 multi-line)
  ✓ hi: inspector — 24 held descs + 12 sleeping conditions, every line inked, no multi-line Text (1+0 multi-line)
  ✓ ar: inspector — 24 held descs + 12 sleeping conditions, every line inked, no multi-line Text (1+0 multi-line)
  ✓ en: rite — effect + condition inked line by line, scrollFactor 0 on every child, the ladder stacks on measured height (1+1 lines)  [{"rd":1,"rh":1,"sf":true,"ladder":true,"law":[]}]
  ✓ es: rite — effect + condition inked line by line, scrollFactor 0 on every child, the ladder stacks on measured height (1+1 lines)  [{"rd":1,"rh":1,"sf":true,"ladder":true,"law":[]}]
  ✓ fr: rite — effect + condition inked line by line, scrollFactor 0 on every child, the ladder stacks on measured height (1+1 lines)  [{"rd":1,"rh":1,"sf":true,"ladder":true,"law":[]}]
  ✓ pt: rite — effect + condition inked line by line, scrollFactor 0 on every child, the ladder stacks on measured height (1+1 lines)  [{"rd":1,"rh":1,"sf":true,"ladder":true,"law":[]}]
  ✓ de: rite — effect + condition inked line by line, scrollFactor 0 on every child, the ladder stacks on measured height (1+1 lines)  [{"rd":1,"rh":1,"sf":true,"ladder":true,"law":[]}]
  ✓ ja: rite — effect + condition inked line by line, scrollFactor 0 on every child, the ladder stacks on measured height (1+1 lines)  [{"rd":1,"rh":1,"sf":true,"ladder":true,"law":[]}]
  ✓ ko: rite — effect + condition inked line by line, scrollFactor 0 on every child, the ladder stacks on measured height (1+1 lines)  [{"rd":1,"rh":1,"sf":true,"ladder":true,"law":[]}]
  ✓ zh: rite — effect + condition inked line by line, scrollFactor 0 on every child, the ladder stacks on measured height (1+1 lines)  [{"rd":1,"rh":1,"sf":true,"ladder":true,"law":[]}]
  ✓ hi: rite — effect + condition inked line by line, scrollFactor 0 on every child, the ladder stacks on measured height (1+1 lines)  [{"rd":1,"rh":1,"sf":true,"ladder":true,"law":[]}]
  ✓ ar: rite — effect + condition inked line by line, scrollFactor 0 on every child, the ladder stacks on measured height (1+1 lines)  [{"rd":1,"rh":1,"sf":true,"ladder":true,"law":[]}]
  ✓ a blanked line is re-baked and COUNTED only once the re-bake shows ink  [["healed 1 blank text(s) · drill","unhealable: Your first word each · drill"]]
  ✓ a re-bake that stays inkless is NOT counted — DIAG says `unhealable: <first words>`  [["healed 1 blank text(s) · drill","unhealable: Your first word each · drill"]]
  ✓ the battle stands
  ✓ the pick shows three two-line cards, every line inked, and no multi-line Text anywhere on the overlay  [{"state":"sigil","n":3,"lines":[2,2,2],"ink":true,"law":[]}]
  ✓ a real tap on the middle card (BLOOD INK) takes it
  ✓ no page exceptions across the walk
  ✓ a real ?lang=ar boot stands
  ✓ ar for real: SS_LANG=ar, all 24 descs inked and fitted (1 multi-line); a block setText/setColor rebuilds in place  [{"lang":"ar","bad":0,"two":1,"block":{"n1":1,"n2":1,"col":"#ffffff","law":0,"centred":true}}]
  ✓ a real ?lang=ja boot stands
  ✓ ja for real: SS_LANG=ja, all 24 descs inked and fitted (2 multi-line); a block setText/setColor rebuilds in place  [{"lang":"ja","bad":0,"two":2,"block":{"n1":1,"n2":2,"col":"#ffffff","law":0,"centred":true}}]

106 passed, 0 failed
