
— THE STRIKE LEAVES IT —
  ✓ quick run at pick
  ✓ sky blocked (local net)  [local]
  ✓ dials exist
  ✓ tile3 texture baked
  ✓ a word to cast  [[2,1,5,9,8,6,11,3]]
  ✓ cast → strike → back to pick
  ✓ the strike landed (hp fell)  [50 → 41]
  ✓ dew beacon set
  ✓ exactly one tile turned green  [11:a]
  ✓ green face (tile3)  [tile3]
  ✓ chip reads ♥6, not the points  [gv-♥6-#22572a]
  ✓ letter ink is the dew ink  [gl-a-#1f4d22]
  ✓ green glow blooms
  ✓ the dewed slot is the beacon slot
  ✓ nothing else greened; at most the cast's own forge drop
  ✓ ♥ glyph carries ink beside the 6  [691 vs 369]

— THE DEW RIDES THE NEXT CAST —
  ✓ a word through the green  [[0,3,11,2,4,15,1,6]]
  ✓ cast the green
  ✓ heal beacon: one dew, +6  [{"n":1,"healed":6,"hp":36,"t":1788362145982}]
  ✓ hp rose by exactly 6  [30 → 36]
  ✓ green consumed; none left on the board

— CAPPED AT hpMax · TWO GREENS SUM —
  ✓ dewTile lands on a plain tile  [10]
  ✓ a word through it
  ✓ cast
  ✓ heal clamped at hpMax (+2 shown)  [{"n":1,"healed":2,"hp":50,"t":1788362151033}]
  ✓ a 3+ letter word on plain tiles  [[1,4,15,11,14,5,3,2]]
  ✓ two tiles dewed by slot  [1,4]
  ✓ a dewed slot refuses a second dew
  ✓ cast the double
  ✓ two greens = +12  [{"n":2,"healed":12,"hp":32,"t":1788362155980} hp 20→32]
  ✓ damage still counted the letters

— USE IT OR LOSE IT —
  ✓ a word that skips the green
  ✓ cast around it
  ✓ shimmer drained: tier 0  [0]
  ✓ letter survives  [e]
  ✓ plain face + points chip back  [tile0 gv-1-#655636]
  ✓ no glow
  ✓ no heal fired
  ✓ cast the drained letter
  ✓ …and it heals nothing  [30→30]

— THE BLACKOUT SPARES IT · THE FORGE LEAVES IT —
  ✓ a green that outranks the board  [13]
  ✓ inkWorth counts the balm as +6
  ✓ volley returns the turn
  ✓ the volley spares the green (specials last)  [[2]]
  ✓ …and inked a plain tile instead  [{"inked":{"i":2,"ch":"x","tier":0,"blk":true,"img":"tileblk","val":"gv-0-#9a90c4","letter":"gl-x-#b9b0d8","glow":false},"green":{"i":13,"ch":"qu","tier":3,"blk":false,"img":"tile3","val":"gv-♥6-#22572a","letter":"gl-qu-#1f4d22","glow":true}}]
  ✓ blackout wins when it lands: inked, tier 0, no glow  [{"i":13,"ch":"qu","tier":0,"blk":true,"img":"tileblk","val":"gv-♥6-#22572a","letter":"gl-qu-#1f4d22","glow":false}]
  ✓ green under STAR FORGE stays tier 3  [3 of [3,1,8,4,12,14,15,9]]
  ✓ cast it with the forge
  ✓ forge does not upgrade the heal  [{"n":1,"healed":6,"hp":36,"t":1788362179487}]
  ✓ the forge minted no green
  ✓ the pending queue never says dew
  ✓ cast a 5+ word
  ✓ the forge dropped a legendary, not a green
  ✓ no page errors (PvE)

— NOT IN VERSUS —
  ✓ the live sky answers
  ✓ bot duel rose
  ✓ the versus engine has no dew
  ✓ board polled through the duel  [23 polls]
  ✓ no green ever on a versus board  [0 sightings]
  ✓ no dew beacon in versus
  ✓ no page errors (versus)

61 passed, 0 failed
