
DRIP-CHECK · the sigil drip, both halves

1. the starting pool
  ✓ the meadow stands up on a wiped profile
  ✓ exactly HALF the sky starts open  [quill choir runes salve aegis first hush shield leech roots ward feather]
  ✓ every tier keeps unlocked members (9 basic · 2 rare · 1 legendary)  [open 9/2/1 · locked 3/5/4]
  ✓ every locked sigil names a stat the game can read, and a target above zero  [comet=scry:20 longbow=w6:8 gilded=frg:25 forge=w7:5 blood=big:60 tome=fell:30 storm=wins:3 echo=ovk:120 eclipse=hit:80 nova=w8:1 verse=word:400 meteor=brnk:3]
  ✓ the twelve conditions are twelve DIFFERENT stats (no two sigils chase the same number)
  ✓ every condition has an English sentence with its number in it  ["Call on SCRY 20 times."]

2. the pick board, mid-drip
  ✓ a daily battle stands up to roll against
  ✓ 19 campaign picks off the STARTING twelve: never a locked card, never a repeat, never a throw  [locked 0 dupe 0 bad 0 ]
  ✓ a FULL board of three for every pick the pool can still fill, and exactly what is left after  [boards 3,3,3,3,3,3,3,3,3,3,2,1,0,0,0,0,0,0,0]
  ✓ the same holds mid-drip (18 open) and at the full sky (24 open)  [mid 3,3,3,3,3,3,3,3,3,3,3,3,3,3,3,3,2,1,0 · full 3,3,3,3,3,3,3,3,3,3,3,3,3,3,3,3,3,3,3]
  ✓ a dry legendary tier falls to rare, a dry rare falls to basic, a dry pool returns nothing  [leg→110 rare→000 dry=0]
  ✓ a board with nothing left rides on rather than hanging the run

3. versus
  ✓ the versus picker still draws from SS_SIGILS through its own VS_OK allowlist  [const avail = SS_SIGILS.filter((s) => !this.mySigils.includes(s.id) && VS_OK.includes(s.id));]
  ✓ and its allowlist offers sigils that are LOCKED in solo — proof the locks never reached it

4. the counters, under real play
  ✓ a real demo run feeds the drip: long words, forged tiles and spilt overkill are counted  [{"w6":7,"w7":7,"w8":6,"frg":7,"ovk":116} · 7 words]
  ✓ the long-word counters are letters, not tiles, and nest correctly  [frg 7 ≥ w6 7 ≥ w7 7 ≥ w8 6]
  ✓ a daily battle stands up to be struck by
  ✓ a real beast strike is weathered and counted  [before {} after {"hit":1}]
  ✓ a fell on the brink counts the brink AND the overkill it spilt  [{"hit":1,"ovk":64,"brnk":1}]
  ✓ and no counter dies with the run: every one of them reloads exactly  [{"hit":1,"ovk":64,"brnk":1}]

5. the unlock
  ✓ a daily battle stands up for the unlock
  ✓ one short of a condition, the sigil is still locked
  ✓ a LOSS that finished the condition unlocks it all the same  [open 13 pend ["longbow"]]
  ✓ the FORGE CEREMONY arrives at the run’s end, over the settled window  [longbow]
  ✓ it wears the whole rite: the head, the glyph in its medallion, the effect, the condition, and the promise  [➳ | ✦  SIGIL DISCOVERED  ✦ | Words of 6+ letters de | ✓ Weave 8 words of six | now appearing in your  | tap to continue]
  ✓ it is drawn in SCREEN space over everything else — a rite in world space on the meadow is drawn nowhere
  ✓ the name is struck in the wordmark’s gold, not typed as text
  ✓ ONE TAP dismisses it — it never traps the player on the end screen  [rite none]
  ✓ saying it out loud spends the queue — nobody is told twice  [[]]
  ✓ the unlock survives a reload and the sigil has joined the pool  [{"longbow":true,"open":13,"inPool":true}]
  ✓ …and it can now be offered by a real roll

6. the ceremony on the grass
  ✓ a discovery that was never said out loud is held on still grass
  ✓ …in screen space, wholly inside the frame, over a meadow whose camera has climbed the sky  [camera scrollY 0]
  ✓ the meadow is held while it plays — no run may begin under a ceremony
  ✓ and the meadow spends the queue too
  ✓ one tap lets the meadow back
  ✓ the meadow is standing normally underneath it
  ✓ …and it is free again the moment the rite is gone
  ✓ two discoveries queue: the legendary is held first, alone  [on screen 1]
  ✓ …then the second follows it  [now longbow]
  ✓ and NEVER two at once  [0 frame(s) with two rites up]
  ✓ the queue empties itself

7. grandfathering
  ✓ a profile with runs behind it wakes holding all 24  [open 24/24 gf=1]
  ✓ …so does one whose only trace is a daily score  [open 24/24 gf=1]
  ✓ …or a single achievement  [open 24/24 gf=1]
  ✓ …or a versus win, or a longest word  [open 24/24 gf=1]
  ✓ …or a rating that ever moved  [open 24/24 gf=1]
  ✓ a genuinely EMPTY profile enters the drip with twelve  [open 12/12 gf=0]
  ✓ and a zeroed-out profile is empty, not "played"  [open 12/12 gf=0]
  ✓ the grandfather decision is permanent — zeroing the stats later takes nothing back  [24 open]

8. the copy
  ✓ all ten languages carry the notice header and all twelve conditions  [en es fr pt de ja ko zh hi ar]
  ✓ a Spanish boot reads the condition in Spanish, number and all  [Teje 8 palabras de seis letras o más.]

9. the sleeping gallery
  ✓ the profile carries a door to the sky, and — with STAR FORGE 19/25 nearly there — it says so (v0.67.0)  [✦  YOUR SKIES · 12 awake · 1 nearly there  ›]
  ✓ the door opens the gallery
  ✓ it holds the STILL SLEEPING section, and every locked sigil is in it  [asleep 12 · held 12]
  ✓ THE LAW: no sigil is ever listed asleep AND awake  [none in both]
  ✓ the twelve you hold are all above it, in full dress  [quill choir runes salve aegis first hush shield leech roots ward feather]
  ✓ every bar reads the real counter behind it, capped at its target  [5 / 20 · 2 / 8 · 19 / 25 · 1 / 5 · 30 / 60 · 15 / 30 · 1 / 3 · 60 / 120 · 40 / 80 · 0 / 1 · 100 / 400 · 1 / 3]
  ✓ …and every one of those fractions is drawn on its own row  [19 / 25 · 30 / 60 · 15 / 30 · 60 / 120 · 40 / 80 · 1 / 3 · 1 / 3 · 5 / 20 · 2 / 8 · 100 / 400 · 1 / 5 · 0 / 1]
  ✓ a silhouette gives away the rarity dress and NOTHING else — no name, no glyph
  ✓ after the forge, COMET TRAIL has moved from sleeping to held — and is in exactly one of them  [held 13 asleep 11]
  ✓ and the count above the list came down with it
  ✓ …and the door itself re-counts the sky on the way out (13 awake, the forge still near)  [✦  YOUR SKIES · 13 awake · 1 nearly there  ›]
  ✓ the in-battle inspector shows the same sleeping list under what you hold  [held quill choir · asleep 11]
  ✓ …and it still shows only the sigils this run actually holds above it  [quill choir]

10. the whole sky
  ✓ a grandfathered sky lists all 24 held and none asleep  [held 24 asleep 0]
  ✓ and the section says so rather than standing empty

11. the copy of the ceremony and the gallery
  ✓ every new line of the ceremony and the gallery exists in all ten languages  [unlHead:10 unlSkies:10 unlTap:10 slpHead:10 slpSub:10 slpSub1:10 slpNone:10 skiesTitle:10]
  ✓ and the two plural forms of the sleeping count really differ
  ✓ a German boot reads the whole rite in German  [SIGEL ENTDECKT · NOCH SCHLAFEND · DEIN HIMMEL]

70 passed, 0 failed
zero page exceptions
