
ENDLESS-CHECK · fight until you fall, see how far you climb

— THE CURVE (the card's balance sheet) —
  ✓ endless battle at pick (?endless=1 seam)
  ✓ sky blocked (local net)  [local]
    · hpMult 1 / 1.24 / 1.54 / 1.84 / 2.14 / 2.54 / 3.14 / 4.94 / 7.54 @ L1/5/10/15/20/25/30/40/50
    · atkAdd 0 / 3 / 7 / 10 / 17 @ L1/10/20/30/50 · timerCut 0/0/1/1/2 @ L1/15/16/35/36
  ✓ a boss every 5th level
  ✓ level 1 is a campaign opening (mult 1 · +0 atk)
  ✓ level 10 ≈ end of campaign act II (mult 1.35-1.8 · atk +2-5)  [mult 1.54 · atk +3]
  ✓ level 20 ≈ the campaign finale (mult 1.8-2.2 · atk +6-8)  [mult 2.14 · atk +7]
  ✓ level 30+ outgrows anything the campaign asks, no ceiling  [mult@30 3.14 · @50 7.54]
  ✓ the curve never dips (monotone in every dial)
  ✓ the clock tightens at 16 and again at 36
  ✓ the ladder is deterministic per seed
  ✓ a longer build keeps its prefix exactly (the extension law)
  ✓ bosses land on every 5th level and nowhere else
  ✓ every rung draws a real beast, never twice running
  ✓ the umbral dress waits for the deep sky, then mixes in  [39 umbral in L15-60]
  ✓ bosses take the void's curse from L21 (ink 3 from 41), never before
  ✓ the early rungs stay a meadow (lvl-banded pools)
  ✓ the cadence pays the hook, every boss, gaps 2-4 forever  [~4 offers per 10 levels]
  ✓ the cadence row keeps its dials (gap 2-3 · up 0.35)
  ✓ a deep boss pays the curve (leo @25: hp ×mult · atk +add · cursed ink 2 · clock −1)  [{"hpOk":true,"atkOk":true,"timer":2,"baseTimer":3,"curse":"blackout","ink":2}]
  ✓ the deep clock squeezes to the floor of 2 (serpens @45: timer 3−2→2)  [{"hpOk":true,"atkOk":true,"timer":2,"baseTimer":3}]
  ✓ a beast that carries its own deeper curse keeps it (draco ink 3 over 2)
  ✓ the defs never learn what one fight dressed them in
  ✓ no page errors (the curve)

— THE MEADOW DOOR —
  ✓ the meadow stands
  ✓ no climb standing: NEW GAME · ENDLESS · VERSUS at 454/522/590  [[{"k":"newcamp","y":454},{"k":"endless","y":522},{"k":"versus","y":590}]]
  ✓ the virgin door speaks its verb  [how far can you climb?]
  ✓ the door's tap target holds 44pt  [263x51]
  ✓ the door opens the sign picker  [signC]
  ✓ …the campaign's own picker, serving the endless climb
  ✓ BEGIN rises into the endless sky
  ✓ level 1, the header speaking it  [THE ENDLESS SKY · LEVEL 1]
  ✓ the open sky pinned unsigned
  ✓ five pips band the levels, boss the last
  ✓ no page errors (the door)

— THE CLIMB (12+ levels, a mid-climb resume) —
  ✓ the live ladder IS the pure function of its seed
  ✓ twelve levels climbed — offers exactly on the plan  [plan 0 4 6 9 11 · offered 0 4 6 9 11]
  ✓ the bosses stood at levels 5 and 10  [5 10]
  ✓ a killed app resumes at its level — the door says so
  ✓ …same ladder, same seed, sigils held, CONTINUE by real tap
  ✓ …and the active-play clock rode the checkpoint
  ✓ no page errors (the climb)

— THE FALL (death ends it · the feather's one grace) —
  ✓ the feather burns — the climb survives its one death  [hp 1]
  ✓ the second fall ends the run — no feather-less continue
  ✓ the reckoning reads THE CLIMB ENDS + LEVEL REACHED
  ✓ …and every stat the campaign summary shows
  ✓ beasts felled counts plain — no denominator on an unbounded ladder
  ✓ a first climb pulses no NEW BEST (nothing stood before)
  ✓ the books: bestLevel · bestScore · runs  [{"bestLevel":13,"bestScore":600,"runs":1}]
  ✓ the fall spends the checkpoint and the sign
  ✓ no win counted, no rating moved, no rating line
  ✓ CLIMB AGAIN is the door back up
  ✓ no page errors (the fall)

— NEW BEST, BOTH FLAGS —
  ✓ a second climb rises (profile kept)
  ✓ level 21 stands (the ladder holds deep rungs)
  ✓ …and reaching 10 and 20 rang both climb achievements
  ✓ the fall ends it
  ✓ a better level AND score pulse both NEW BEST flags  [2 flags]
  ✓ the books moved to the new marks  [{"bestLevel":21,"bestScore":3735,"runs":2}]
  ✓ a worse climb ends quiet — the books stand
  ✓ no page errors (the bests)

— THE SIGN ON THE LADDER —
  ✓ the ram opens an endless battle — zodiac powers apply  [{"sign":"aries","rammed":true}]
  ✓ the fall writes the sign's own endless mark  [{"best":0,"clears":0,"runs":0,"eBest":1,"xp":3822,"ack":22,"hardClears":0}]
  ✓ …without touching its campaign ledger
  ✓ HOME leaves the reckoning for the meadow
  ✓ the profile ledger reads the endless high-water mark
  ✓ …and the 25-deep achievement grid holds the climb's rungs above the seal
  ✓ no page errors (the sign)

— THE ENDLESS BOARD —
  ✓ the row carries level + score + word
  ✓ a lower level never replaces (even 4000 points of it)
  ✓ the same level takes the better score
  ✓ a deeper climb takes the row outright
  ✓ the weekly slice rides along
  ✓ the seeded field: 8-13 hunters, levels 3-14, scores following the level  [13 ghosts]
  ✓ the champion law by (level, score): no ghost at or above the best real climb
  ✓ a level-2 champion stands alone — every ghost stands down
  ✓ one switch restores the bare board
  ✓ four pills: daily · weekly · endless · hard
  ✓ the tab's tap target holds 44pt  [79x44]
  ✓ the still line stands where the countdown ticks elsewhere
  ✓ rows read level · score
  ✓ the climber stands on their own board
  ✓ no page errors (the board)

— THE COLUMN OF FOUR —
  ✓ a standing campaign makes four doors — 62 apart, 429..615  [[{"k":"campaign","y":429},{"k":"newcamp","y":491},{"k":"endless","y":553},{"k":"versus","y":615}]]
  ✓ the endless door remembers the best  [best · level 21]
  ✓ the door in Spanish (SIN FIN · record line)  [SIN FIN / récord · nivel 21]
  ✓ the Spanish tab fits its pill
  ✓ no page errors (the column)

87 passed · 0 failed
