  ✓ ?fps=1 shows the overlay  [12 FPS · 183ms · CV 1500×2103 · dpr3
gl 300.1 · cv 216.7 ms/f · CV (workload −83.4ms) · ANGLE (Google, Vulkan 1.3.0 (S]
  ✓ overlay names renderer  [CV]
  ✓ overlay carries buffer size
  ✓ overlay is live (reports a numeric fps)  [11 FPS · 117ms · CV 1500×2103 · dpr3
gl 300.1 · cv 216.7 ms/f · CV (workload −83.4ms) · ANGLE (Google, Vulkan 1.3.0 (S]
  ✓ DEFAULT boot has no overlay (players get a clean screen)
  ✓ ?fps=0 still hides it (old habit keeps working)
  ✓ perf machinery runs even with the readout off (measurement is not gated)
  ✓ touch boot ignores + purges a stored v0.32.0 cap (full-DPR law)  [w=1500 cap=null]
  ✓ ?dpr=1 pins buffer to 1x  [w=500]
  ✓ workload probe ran and both renderers reported an outcome  [{"glMs":150,"glHow":"ok","cvMs":66.7,"cvHow":"ok","mode":"cv"}]
  ✓ probe boot cost bounded (caps hold even on software GL)  [3435ms]
  ✓ verdict cached as a v4 probe record  [{"v":4,"mode":"cv","why":"workload"}]
  ✓ probe records frame count + how per renderer (a failure names itself)  [{"glN":5,"glHow":"ok","cvN":11,"cvHow":"ok"}]
  ✓ gl unmeasurable + cv measured → CV (the 8fps regression)
  ✓ cv unmeasurable + gl measured → GL
  ✓ both unmeasurable → AUTO (Phaser picks its own fallback)
  ✓ both measured keeps the >10% status-quo rule (no flip-flop)
  ✓ next boot rides the cached verdict (no re-probe)
  ✓ stale v3 cache is discarded and re-probed (phones in the wild get the fix)
  ✓ a game booted after a probe inherits NO probe styling (opaque + tappable)  [{"opacity":"1","pe":"auto"}]
  ✓ fitCanvas heals a dirty canvas (opacity, pointer-events, position)  [{"dirty":"0.05","opacity":"1","pe":"auto","pos":"static"}]
  ✓ ?rend=cv forces CANVAS, skips the probe, wins over the cache
  ✓ canvas tint shim installed and baking (stars/aurora keep their colors)  [15 baked tints]
  ✓ ?rend=gl forces the WEBGL renderer over the cache
  ✓ film grain is a baked static Image at half res (TileSprite diet)  [{"type":"Image","key":"grainbake","halfres":true}]
  ✓ canvas-parity: home meadow matches WebGL (grid diff < 10)  [2.84 avg channel diff]
  ✓ daily board letters identical across renderers (seed untouched)  [eieaenaurllieeif vs eieaenaurllieeif]
  ✓ canvas-parity: battle board matches WebGL (grid diff < 14, best of two)  [7.71 avg channel diff]
  ✓ battle reachable for counter test
  ✓ hp numeral lands exactly on the drain endpoint  [1 / 30 vs 1 / 30]
  ✓ hp repaints throttled (~20Hz: 2-9 paints for 300ms, was ~18)  [4 paints]
  ✓ score counter truth-syncs exactly after the count  [{"text":"0","truth":"0","pending":0}]
  ✓ PERF probe machinery intact
  ✓ normal boot carries no lab UI
  ✓ ?lab=1 shows the lab door, no game booted  [{"ui":true,"btn":true,"game":false,"canvases":0}]
  ✓ lab runs to completion (labfast)
  ✓ lab ran all 20 stages  [20 stages]
  ✓ every stage carries a measurement or an explicit error  [[]]
  ✓ once-per-run probes present (maxTex + granted ctx attrs, or explicit no-gl)  [maxTex=undefined ctx=no-gl (canvas renderer)]
  ✓ texture scan ran on the full home scene  [{"k":"grainbake","w":750,"h":1052}]
  ✓ no baked texture exceeds the device ceiling (defensive clamp holds)  [[]]
  ✓ winner recorded for the content stages  [empty-base]
  ✓ results table painted on screen
  ✓ lab report landed in RTDB (headless-test_lab)
  ✓ normal boot unaffected after lab (game boots, no lab UI)
  ✓ the version footer is INERT (the five-tap gesture is gone)
  ✓ ssArmFpsTap no longer exists
  ✓ ssFpsShow never persists
  ✓ a stale sticky beta3.fps is purged on boot and shows NO overlay
  ✓ healer reports zero blanks on a healthy scene (no false positives)
  ✓ a force-blanked sigil desc is detected and re-baked (the TestFlight blank)  [{"found":true,"healed":1,"ink":true}]
  ✓ end-screen sigils row opens the inspector ABOVE the window, descs readable  [{"zone":true,"open":true,"depth":130,"hasDescs":true}]
  ✓ day gaps are calendar arithmetic (month + year boundaries)  [1/1]
  ✓ first daily lights it, twice-a-night counts once, the next night extends  [{"gapMonth":1,"gapYear":1,"first":"lit","twice":"same:1","alive":1,"second":2,"cold":0,"relit":1,"best":2}]
  ✓ a missed night puts it out and starts over at 1, keeping the best  [{"gapMonth":1,"gapYear":1,"first":"lit","twice":"same:1","alive":1,"second":2,"cold":0,"relit":1,"best":2}]
  ✓ the meadow settles with a lantern beside the daily chip
  ✓ no streak leaves the lantern COLD and unnumbered; the first night LIGHTS it, still unnumbered  [lantern-cold/lantern-lit count=""]
  ✓ from the second night it is LIT and carries the count  [{"tex":"lantern-lit","count":"5","glow":0.12,"lamp":1,"fits":true,"beside":true}]
  ✓ the halo never outshines the daily chip ember (0.13)  [0.12]
  ✓ a three-digit flame shrinks to fit the pane  [{"tex":"lantern-m3","count":"365","glow":0.13,"lamp":1,"fits":true,"beside":true}]
  ✓ the lantern stands beside the herald, not on top of it
  ✓ midnight relights the daily chip on its own tick (no reload)  [✓ → ☀]
  ✓ the lantern follows that clock: alive one night on, out the next  [lantern-lit → lantern-cold]
  ✓ going cold on screen does not destroy the stored count (a grace night can still reach it)  [5]
  ✓ a daily battle stands up for the end-screen check
  ✓ the daily end screen names the night the hunt just fed  [🔥 night 14 n=14]
  ✓ every end-screen item still sits inside the (taller) daily window  [311..1932 in 237..2003]
  ✓ all 10 languages carry the lantern copy
  ✓ meadow back for the ascent check
  ✓ a herald tick mid-ascent leaves the lantern faded with the sky  [{"rest":1,"during":0,"after":0}]
  ✓ a profile predating the streak boots clean and reads 0  [{"n":0,"last":0,"best":0,"g":1,"gp":0,"gd":[],"pend":0,"mk":0}]
  ✓ a missed night reads ALIVE while a grace is in hand  [6/true]
  ✓ the next hunt spends the grace ONCE, extends the streak, and writes the bridged night down  [["graced",7,0,"20260610"]]
  ✓ five dailies after a spent grace re-earn it — and only then  [1/0 2/0 3/0 4/0 0/1]
  ✓ two missed nights in a row still reset, and never eat the unspent grace  [[0,"relit",1,1]]
  ✓ a streak that is BORN starts holding a grace — the first ever, and one relit after a break  [["relit",1,1]]
  ✓ twice on a graced night is still one night  [graced/4 same/4]
  ✓ each mark fires exactly once, and a reset lets them be earned again  [7,0,30,0,100 mk=0]
  ✓ every mark reached is offered for awarding, and the ceremony is queued  [7,30,100 pend=100]
  ✓ the lamp dresses by the marks (cold/lit-from-one/7/30/100)  [-1,0,0,0,1,1,2,2,3,3]
  ✓ meadow back for the lamp dresses
  ✓ night 7 grows the lamp, 30 grows it again, 100 crowns it — and it stays crowned  [lantern-m1 → lantern-m2 → lantern-m3]
  ✓ even the grown halo never outshines the daily chip ember (0.13)  [0.13]
  ✓ the crowned lamp stays inside the safe band and clear of both corner chips  [[true,true,true]]
  ✓ a flame standing on its grace night wears the ◌ mark, and only then  [0.9/0]
  ✓ a real tap on the lamp opens the lantern sheet
  ✓ the sheet wears the lamp at the tier the streak earned
  ✓ the week strip draws the last SEVEN nights  [7]
  ✓ it ticks every hunted night and owns up to the graced one  [["✕","9","14","✓","15","✓","16","◌","17","✓","18","✓","19","20"]]
  ✓ the quiet line names the exact cost of getting the net back  [◌ grace night held — re-earned in 3 more hunts]
  ✓ the sheet names the night, the longest flame and the next mark  [["🔥 night 9","longest flame · 21","✓ hunted · ◌ grace night · ○ missed","◌ grace night held — re-earned in 3 more hunts","next mark · night 30"]]
  ✓ every item on the lantern sheet sits inside its window, and the window on screen  [486..1659 in 450..1727]
  ✓ a pending mark holds a ceremony on the meadow
  ✓ the ceremony shows the lamp in its new dress, names the mark, and throws sparks  [["30","THE LANTERN GROWS","the iron is gilded, and the light gets out","tap outside to close"]]
  ✓ the mark is spent the moment it is honoured — and written down, so a closed app still gets its ceremony once  [0/0]
  ✓ the ceremony lets the meadow back, wearing the new lamp  [lantern-m2]
  ✓ a hunt one night late spends the grace, and the end screen owns up to it  [["every star-beast has fallen · the night is yours","🔥 night 14","◌ a grace night held the flame"]]
  ✓ nothing on the (taller again) daily window falls outside it  [311..1932 in 237..2003]
  ✓ crossing seven names the mark, queues its ceremony and awards its achievement  [daily-devout,flame-7]
  ✓ a player already deep into a streak collects every mark they earned  [daily-devout,flame-7,flame-30,flame-100]
  ✓ a v0.39.0 profile wakes holding one grace, its marks seeded — not re-run  [{"n":40,"last":20260902,"best":40,"g":1,"gp":0,"gd":[],"pend":0,"mk":30}]
  ✓ the meadow settles for the persistence check
  ✓ a hundred-night lantern comes back comet-crowned on a later boot, its grace ledger intact  [{"tex":"lantern-m3","count":"120","mk":100,"g":0,"gp":3}]
  ✓ the profile ledger stands up
  ✗ all 23 achievements are listed, the lantern’s three marks among them  [26/26]
  ✗ and the grown ledger still clears the seal at the foot of the page  [2048 → seal 2048 of 2103]
  ✓ all 10 languages carry the grace + marks copy
  ✓ the card is built line for line, and nothing else is in it  ["STARSPELL Daily · 2026-08-12\n✶ ✶ ✶ ✶ 🌑\n🟨🟨🟨🟨🟨🟨🟨\n719 pts · finest word: 7 tiles\n🔥 14-night streak\nhttps://drbango.com/beta3/?daily=1"]
  ✓ the sky is one mark per beast in fight order — felled ✶ first, then 🌑  [🌑 🌑 🌑 🌑 🌑 | ✶ ✶ ✶ ✶ ✶]
  ✓ the finest word is a tile COUNT: one 🟨 per letter, and only 🟨  [🟨🟨🟨 | 🟨]
  ✓ a run that cast no word drops the tile row rather than leaving a hole  ["STARSPELL Daily · 2026-08-12\n🌑 🌑 🌑 🌑 🌑\n0 pts · no word cast\nhttps://drbango.com/beta3/?daily=1"]
  ✓ the flame line appears only when there is a flame, and reads plainly at 1  [🔥 night one]
  ✓ the play link is the last line, always
  ✓ a German hunter shares the same six lines in the same order  ["STARSPELL Tagesjagd · 2026-08-12\n✶ ✶ ✶ ✶ 🌑\n🟨🟨🟨🟨🟨🟨🟨\n719 Punkte · bestes Wort: 7 Steine\n🔥 14-Nächte-Serie\nhttps://drbango.com/beta3/?daily=1"]
  ✓ all 10 languages carry the share-card copy
  ✓ every language keeps the %1 the card fills in
  ✓ a daily battle stands up for the share check
  ✓ the share button is on the daily end screen
  ✓ a REAL tap on it copies something and says so
  ✓ the pasted card is EXACTLY the run that was just played  ["STARSPELL Daily · 2026-08-12\n✶ ✶ ✶ 🌑 🌑\n🟨🟨🟨🟨🟨🟨🟨🟨🟨\n285 pts · finest word: 9 tiles\n🔥 14-night streak\nhttps://drbango.com/beta3/?daily=1"]
  ✓ grid width is the beast count, tile count is the finest word’s length  [5 beasts · 9 tiles for 9]
  ✓ THE SPOILER LAW: not one letter of the finest word is in the card  [MOONLIGHT vs "🟨🟨🟨🟨🟨🟨🟨🟨🟨"]
  ✓ nothing personal rides along: no name, no uid, no rating  [Moonlit Widow / ugskuvdnjm… absent]
  ✓ a REJECTED clipboard falls through: the fallback copies the very same card, no textarea left behind  ["STARSPELL Daily · 2026-08-12" · 0 left]
  ✓ …and the button still says COPIED, because a path REALLY ran
  ✓ the shell’s refusal paints no red banner over the player
  ✓ neither path ever reaches navigator.share (it freezes the shell)
  ✓ with the fallback dead too, the button confesses COPY FAILED
  ✓ a total failure still paints no banner and leaves no textarea
  ✓ an unhandled rejection paints NOTHING without ?diag=1, but is logged for later
  ✓ the probe’s GL-less throw is gated — a working canvas game never wears a red box
  ✓ a REAL uncaught error still paints for everyone (a visible line beats a silent black screen)
  ✓ ?diag=1 replays the stored history from the quiet session
  ✓ …and a live rejection paints the red banner again under the flag
  ✓ NO CHECKPOINT → CONTINUE GAME is not rendered: invisible, input off, reads contCamp  [{"label":"CONTINUE GAME","vis":false,"hit":false,"a":1,"alive":false,"sheet":false,"sign":false}]
  ✓ NO CHECKPOINT → NEW GAME opens no warning, straight to the stars  [{"label":"CONTINUE GAME","vis":false,"hit":false,"a":1,"alive":false,"sheet":false,"sign":true}]
  ✓ A CHECKPOINT → the door is rendered, alive and lit  [{"label":"CONTINUE GAME","vis":true,"hit":true,"a":1,"alive":true,"sheet":false,"sign":false}]
  ✓ A CHECKPOINT → NEW GAME warns before the climb is lost (sheet up, checkpoint untouched)  [{"label":"CONTINUE GAME","vis":true,"hit":true,"a":1,"alive":true,"sheet":true,"sign":false}]
  ✓ the restart copy is in every language
  ✓ a fresh profile boots into the drip holding twelve, 9 basic / 2 rare / 1 legendary  [quill choir runes salve aegis first hush shield leech roots ward feather]
  ✓ THE POOL NEVER STARVES: 19 daily/campaign picks off the starting twelve, no locked card, no repeat, no throw  [boards 3,3,3,3,3,3,3,3,3,3,2,1,0,0,0,0,0,0,0 · locked 0 dupe 0]
  ✓ GRANDFATHERED: a profile with prior play wakes holding all 24, and it is written down  [24 open · gf=1]
  ✓ NO DOUBLE LISTING: a forged sigil leaves the sleeping list the instant it joins the held one  [held/asleep 12/12 → 13/11]
  ✓ insets are read and applied to the design box  [{"top":59,"bottom":34}]
  ✓ content box clears the notch AND the home indicator  [box 59.0..667.0 in viewport 701]
  ✓ zero insets reproduce the original layout exactly (no silent reflow)  [now 0.00..701.00 vs was 0.00..701.00]
  ✓ unmeasurable GL + measured CV → the GAME BOOTS CANVAS (the 8 FPS regression)  [CANVAS cv/gl-unmeasurable gl=-1/throw]
  ✓ the canvas tint shim comes along on that path  [home,summons]
  ✓ overlay names the failure, not a bare em dash  [21 FPS · 67ms · CV 1500×2103 · dpr3 | gl —(0f) · cv 83.4 ms/f · CV (gl throw)]
  ✓ WebGL restored afterwards: a healthy device is untouched by all this
\n148 passed, 2 failed
zero page exceptions
