ghost-live.mjs — seeded-ghost law on the LIVE boards (read-only), 2026-09-02 ~10:56 CDT
Two separate boots of the served checkout (127.0.0.1:8899, byte-identical to drbango.com/beta3
@84f3cb88), live Firebase sky, uid test_rev0902 (players row deleted after).

daily-en: 7 rows · 4 ghosts · 3 real · top: Winter Mage 816 | Lena 450 (ghost) | Miriam 408 (ghost)
  ✓ daily-en: every ghost row wears uid sg_ + ghost:true
  ✓ daily-en: every sg_ row is flagged ghost
  ✓ daily-en: #1 is a real row
  ✓ daily-en: every ghost under the best real score
  ✓ daily-en: ghost cast identical across two boots
daily-es: 6 rows · 6 ghosts · 0 real · top: Rowan 548 (ghost) | Marisol 513 (ghost) | Petra 467 (ghost)
  ✓ daily-es: every ghost row wears uid sg_ + ghost:true
  ✓ daily-es: every sg_ row is flagged ghost
  (no real rows on daily-es — champion law vacuous here)
  ✓ daily-es: ghost cast identical across two boots
daily-fr: 6 rows · 6 ghosts · 0 real · top: Élodie 542 (ghost) | Marcus 464 (ghost) | lucioles 462 (ghost)
  ✓ daily-fr: every ghost row wears uid sg_ + ghost:true
  ✓ daily-fr: every sg_ row is flagged ghost
  (no real rows on daily-fr — champion law vacuous here)
  ✓ daily-fr: ghost cast identical across two boots
weekly: 13 rows · 7 ghosts · 6 real · top: Gilded Fox 98156 | Winter Mage 4652 | Winter Lantern 3563
  ✓ weekly: every ghost row wears uid sg_ + ghost:true
  ✓ weekly: every sg_ row is flagged ghost
  ✓ weekly: #1 is a real row
  ✓ weekly: every ghost under the best real score
  ✓ weekly: ghost cast identical across two boots
endless: 2 rows · 1 ghosts · 1 real · top: Gilded Fox L120·98156 | Astrid88 L7·691 (ghost)
  ✓ endless: every ghost row wears uid sg_ + ghost:true
  ✓ endless: every sg_ row is flagged ghost
  ✓ endless: #1 is a real row
  ✓ endless: every ghost under the best real (level,score)
  ✓ endless: ghost cast identical across two boots
hard: 1 rows · 1 ghosts · 0 real · top: elm27 1954 (ghost)
  ✓ hard: every ghost row wears uid sg_ + ghost:true
  ✓ hard: every sg_ row is flagged ghost
  (no real rows on hard — champion law vacuous here)
  ✓ hard: ghost cast identical across two boots
cleanup players/test_rev0902: 200
ghost-live: 24/24

Context read alongside (read-only REST):
- endless/all: one row — u652qqxhbmthtgqb2 "Gilded Fox" lvl 120 score 98156 word DEPLOYER,
  at 1788359387060 (2026-09-02 14:29:47 UTC = 09:29 CDT — the mode's first morning).
- players/u652qqxhbmthtgqb2: real profile (achCount 13, beasts 176, bigHit 2854,
  endlessBest 120, endlessScore 98156, rating 1029, runs 10, words 357, wins 2).
- devices/u652qqxhbmthtgqb2: real iPhone — iOS 18.7, StarspellShell-iOS/1.0, 430×932 @3,
  Apple GPU, crisp:true, heals 0, build STARSPELL v0.70.0.
- players/ shallow census: 317 keys — 140 test_* (82 test_crisp*, 46 test_dev*, 12 misc)
  + 177 real-shaped. devices/: 24 keys, all real. (Hygiene note → review §3.6 / gate G29.)
