
HARD-CHECK · the beast strikes every 10 seconds unless you keep casting

— THE LAWS ON PAPER —
  ✓ quick run at pick
  ✓ sky blocked (local net)  [local]
  ✓ SS_HARD dials as shipped: 10s clock · 3s warn · ×1.5 tally · boss knobs 1.0/+0  [[10000,3000,1.5,1,0]]
  ✓ SS_CADENCE.hard is the gapAdd modifier row
  ✓ hardLbl worded in all ten languages  [10]
  ✓ EMBER-SWORN is one display row over the 12 per-sign ids  [12]
  ✓ THE EMBER ZODIAC is the family row's crown (13 rows keep the seal — the layout law)
  ✓ SSNET grew submitHard
  ✓ the hard board is tuned in the seed layer
  ✓ versus.js and rival.js carry zero hard-mode symbols
  ✓ hard plans are deterministic and the bare call is unchanged
  ✓ the hook and every act boss still pay on hard
  ✓ non-boss gaps sit in the stretched 3-5 band
  ✓ fewer offers per climb (avg 5.9 hard vs 7.8)  [181/200 strictly fewer]

— THE PICKER: A BOX UNDER EACH SIGN, REMEMBERED PER SIGN —
  ✓ the meadow stands
  ✓ NEW GAME opens the sign picker
  ✓ THE OPEN SKY leads the deck  [none]
  ✓ the open sky carries the box too (the challenge needs no sign)
  ✓ …unticked on a fresh profile
  ✓ a real tap ticks it
  ✓ …and the tick shows
  ✓ the next card is ARIES  [aries]
  ✓ ARIES shows its OWN state — unticked (per sign, not global)
  ✓ a real tap ticks ARIES
  ✓ back on THE OPEN SKY the tick still stands
  ✓ the box sits inside the card, clear of the power text  [{"tickBot":1239.8313118362425,"descTop":1267.0574951171875,"inCard":true}]
  ✓ the drawn control is pixel-sharp at dpr 3 (ratio ≥ 1.4)  [[3.35]]
  ✓ meadow back (same sky)
  ✓ the picker reopens
  ✓ ARIES still ticked after the reload (prof.hardPick persists)

— THE CLOCK: 10 SECONDS OF VISIBLE TIME, RESET BY THE CAST —
  ✓ BEGIN pins sign AND hard, opens the chart
  ✓ the chart node rises into a HARD battle
  ✓ Battle.hard is on, read from the pin
  ✓ the ember ring stands (badge + telegraph in one)
  ✓ the clock opens full at startFight (drains only once play holds it)  [9191]
  ✓ …and the numeral reads 10  [10]
  ✓ the ring keeps clear of the back arrow, on screen  [{"apart":true,"onScreen":true}]
  ✓ at 10s of visible time with no cast, the beast STRIKES (hp falls)  [42 vs 50]
  ✓ the cast counter is untouched — both threats live  [5]
  ✓ the board comes back and the clock is re-armed near the top  [9588]
  ✓ the clock has burned to the middle  [4120]
  ✓ a castable word stands  [[0,13,11,5,1,15,3]]
  ✓ the cast lands (real taps)
  ✓ …and the clock is wound back to the top  [9771]
  ✓ …while the cast ticked the counted strike (both threats)  [4]
  ✓ hidden: six skewed seconds move NOTHING  [9651 vs 9651]
  ✓ blurred: four skewed seconds move NOTHING  [9226 vs 9226]
  ✓ a single 10s jump is dropped whole (the frozen-tab law)  [8256 vs 8817]
  ✓ held during a sigil pick (state gate)  [8193 vs 8193]
  ✓ …and the ring reads DIMMED while held  [0.45]
  ✓ inside the last 3s the numeral burns crimson  [#ff3860]
  ✓ …and the warn halo glows  [0.19713333333333333]

— THE TALLY: ×1.5 AT THE END, THE BOOKS, THE RETRY —
  ✓ the clock strike fells the mage — the run ends
  ✓ the ⚑ ×1.5 row stands on the fall's window too
  ✓ TRY AGAIN re-pins hard and restarts hard
  ✓ teleported to the summit fight, still hard
  ✓ the summit falls — the run ends won  [end]
  ✓ the FINAL tally is amplified ×1.5 — the weekly submit carries it + the hard flag  [[["score",1512,"campaign",true],["hard",1512,""]] vs 1512]
  ✓ …and the hard board takes the same amplified clear
  ✓ the ⚑ ×1.5 row stands beside the score
  ✓ the sign's ledger: aries hardClears 1
  ✓ EMBER-SWORN · ARIES rang (prof.ach hard-aries)
  ✓ the zodiac crown waits (one sign is not twelve)

— ACHIEVEMENTS: ONCE PER SIGN, ONCE FOR ALL TWELVE —
  ✓ a second clear moves the ledger but never re-rings the sign
  ✓ all twelve signs ring once each
  ✓ the twelfth crowns THE EMBER ZODIAC
  ✓ the open sky ('none') is a quiet no-op
  ✓ HOME from the end screen
  ✓ the profile opens by its chip
  ✓ the grid header counts DISPLAY rows (never 13 loose embers)  [— ACHIEVEMENTS  6 / 26 —]
  ✓ all twelve earned: the family row wears THE EMBER ZODIAC crown  [{"c":true,"s":false}]
  ✓ the grid keeps its 13 rows above the seal  [686.98]
  ✓ short of the crown the row reads EMBER-SWORN with its 11 / 12 progress  [{"s":true,"fam":"Beat the campaign on hard under a sign.  11 / 12"}]

— THE CHECKPOINT: A CLIMB BEGUN HARD STAYS HARD —
  ✓ meadow up
  ✓ picker open
  ✓ TAURUS wears its remembered tick  [taurus]
  ✓ BEGIN → chart → hard battle
  ✓ hard on, taurus vessel intact (the sign law untouched)
  ✓ fight 0 fell pays the hook  [sigil]
  ✓ fight 1 under way, checkpoint carries hard
  ✓ meadow back
  ✓ CONTINUE resumes the hard climb by real taps
  ✓ resumed hard: flag, ring, a fresh 10s (fight-start semantics)  [9341]
  ✓ the resumed plan is the same plan  [[0,4,9,14,17]]
  ✓ a checkpoint without the field resumes NORMAL (pre-v0.70 save)

— NORMAL RUNS: THE TIMER IS NEVER CREATED —
  ✓ a quick run stands
  ✓ no flag, no ring, no clock — nothing hard exists
  ✓ the run clock still counts (update untouched for normal play)  [4768]
  ✓ …and eight more visible seconds bring NO strike  [50]
  ✓ an unhard campaign resumes free of it too (beastFor knobs idle at 1.0/+0: bosses unchanged)

— THE BOARDS: THE FOURTH TAB, THE ⚑ MARK, THE GHOSTS —
  ✓ the hard cast: 6 ghosts, deterministic, all flagged  [{"n":6,"det":true,"band":true,"flagged":true,"dawnHours":2,"cap1":true,"cap2":true}]
  ✓ scores in the believable band, under the weakest real clear
  ✓ the first ghost lands hours after launch, never minutes  [2h]
  ✓ the champion law holds at 5000 and squeezes at 2000
  ✓ getBoard(hard) reads the all-time clears, the real row champion  [{"n":2,"top":"Emberhand","sc":5210}]
  ✓ the weekly rows carry the hard flag through getBoard  [{"hardRow":true,"plain":true}]
  ✓ profile from the meadow
  ✓ the leaderboard door opens the Board
  ✓ four pills: daily · weekly · endless · hard  [daily,weekly,endless,hard]
  ✓ the hard pill keeps the 44-pt law  [{"w":79,"h":44}]
  ✓ a real tap opens the HARD tab
  ✓ the hard tab speaks its OWN all-time line (never the endless ledger's)  [✦ the ember ledger · every hard clear remembered]
  ✓ the planted clear crowns the hard podium
  ✓ the weekly tab wears the ⚑ mark on its hard row

— THE SPANISH DRESS —
  ✓ picker abre
  ✓ the box speaks DIFÍCIL
  ✓ the Board pill speaks it too

107 passed · 0 failed
zero page exceptions
