race: Race S846O  A=umiu45nca  B=ut51t2ncb
  ✓ both clients reach the sky
  ✓ registry holds exactly one of the two uids  [ut51t2ncb]
  ✓ winner keeps the name  [Race S846O]
  ✓ loser was re-minted, honestly  [Velvet Widow]
  ✓ loser claimed the new name
  ✓ players/<uid>/name follows the loser
  ✓ players/<uid>/name follows the winner
  ✓ loser fired ss-renamed once (taken, from → to)  [[{"at":1788363591600,"from":"Race S846O","to":"Velvet Widow","kind":"taken"}]]
  ✓ winner was never told anything
  ✓ loser sees the notice on the meadow
  ✓ the notice is consumed (told once)
  ✓ notice title/body carry the fiction and both names
  ✓ instant race 1: exactly one winner, registry agrees  [A false B true holder ut51t2ncb]
  ✓ instant race 1: re-claim by the holder is idempotent
  ✓ instant race 1: the other side still loses
  ✓ instant race 2: exactly one winner, registry agrees  [A false B true holder ut51t2ncb]
  ✓ instant race 2: re-claim by the holder is idempotent
  ✓ instant race 2: the other side still loses
  ✓ instant race 3: exactly one winner, registry agrees  [A false B true holder ut51t2ncb]
  ✓ instant race 3: re-claim by the holder is idempotent
  ✓ instant race 3: the other side still loses
  ✓ rename applies at once (optimistic)
  ✓ …then comes back: the name is spoken for  [Velvet Widow]
  ✓ held notice fired with both names  [{"at":1788363601156,"from":"Race S846O","to":"Velvet Widow","kind":"held"}]
  ✓ registry untouched by the held rename
  ✓ players row still says the held name
  ✓ rename to a free name claims it
  ✓ the old claim is released
  ✓ players/<uid>/name follows the free rename
  ✓ no notice for a clean rename
  ✓ fresh device reaches the sky
  ✓ fresh device minted past the taken name  [Winter Bear]
  ✓ fresh device was NOT told (it never saw the name it lost)
  ✓ fresh flag cleared once the claim won
  ✓ winner still holds the raced name
  ✓ test rig reaches the sky
  ✓ wisp name never enters the registry  [wisp ncr9vbh]
  ✓ claimName is a no-op win for a test_ uid
  ✓ a mage with a free name claims it as its own uid  [Circle S846O]
  ✓ a mage on a taken name is re-minted and claims the new one  [Silver Quill]
  ✓ the circle remembers the new name
  ✓ the human still holds the raced name
  ✓ nameKey: trim · collapse · fold
  ✓ nameKey: RTDB-forbidden chars become _
  ✓ nameKey: NFKC folds fullwidth
  ✓ en taken: ≥2 single-line Texts, all fit, both names present  [{"n":4,"nl":false,"wide":0,"empty":0,"body":"the stars already know another Moonlit Lantern · from tonight you are Winte]
  ✓ en held: ≥2 single-line Texts, all fit, both names present  [{"n":4,"nl":false,"wide":0,"empty":0,"body":"another stargazer already answers to Moonlit Lantern · you remain Winter Se]
  ✓ es taken: ≥2 single-line Texts, all fit, both names present  [{"n":4,"nl":false,"wide":0,"empty":0,"body":"las estrellas ya conocen a otro Moonlit Lantern · desde esta noche eres Win]
  ✓ es held: ≥2 single-line Texts, all fit, both names present  [{"n":4,"nl":false,"wide":0,"empty":0,"body":"otro observador ya responde a Moonlit Lantern · sigues siendo Winter Serpen]
  ✓ fr taken: ≥2 single-line Texts, all fit, both names present  [{"n":4,"nl":false,"wide":0,"empty":0,"body":"les étoiles connaissent déjà un autre Moonlit Lantern · dès ce soir vous êt]
  ✓ fr held: ≥2 single-line Texts, all fit, both names present  [{"n":4,"nl":false,"wide":0,"empty":0,"body":"un autre astronome répond déjà à Moonlit Lantern · vous restez Winter Serpe]
  ✓ pt taken: ≥2 single-line Texts, all fit, both names present  [{"n":4,"nl":false,"wide":0,"empty":0,"body":"as estrelas já conhecem outro Moonlit Lantern · desta noite em diante és Wi]
  ✓ pt held: ≥2 single-line Texts, all fit, both names present  [{"n":4,"nl":false,"wide":0,"empty":0,"body":"outro observador já atende por Moonlit Lantern · continuas a ser Winter Ser]
  ✓ de taken: ≥2 single-line Texts, all fit, both names present  [{"n":4,"nl":false,"wide":0,"empty":0,"body":"die Sterne kennen schon einen Moonlit Lantern · ab heute Nacht bist du Wint]
  ✓ de held: ≥2 single-line Texts, all fit, both names present  [{"n":4,"nl":false,"wide":0,"empty":0,"body":"ein anderer Sterngucker hört schon auf Moonlit Lantern · du bleibst Winter ]
  ✓ ja taken: ≥2 single-line Texts, all fit, both names present  [{"n":4,"nl":false,"wide":0,"empty":0,"body":"星々はもう別のMoonlit Lanternを知っている · 今夜からあなたはWinter Serpent 431 星々はもう別のMoonlit La]
  ✓ ja held: ≥2 single-line Texts, all fit, both names present  [{"n":4,"nl":false,"wide":0,"empty":0,"body":"別の星見がすでにMoonlit Lanternと名乗っている · あなたはWinter Serpent 431のまま 別の星見がすでにMoonlit ]
  ✓ ko taken: ≥2 single-line Texts, all fit, both names present  [{"n":4,"nl":false,"wide":0,"empty":0,"body":"별들은 이미 다른 Moonlit Lantern을(를) 알고 있어요 · 오늘 밤부터 당신은 Winter Serpent 431 별들은 이미]
  ✓ ko held: ≥2 single-line Texts, all fit, both names present  [{"n":4,"nl":false,"wide":0,"empty":0,"body":"다른 별지기가 이미 Moonlit Lantern(이)라 불려요 · 당신은 여전히 Winter Serpent 431 다른 별지기가 이미 ]
  ✓ zh taken: ≥2 single-line Texts, all fit, both names present  [{"n":4,"nl":false,"wide":0,"empty":0,"body":"星辰已认识另一位Moonlit Lantern · 从今夜起你是Winter Serpent 431 星辰已认识另一位Moonlit Lantern ]
  ✓ zh held: ≥2 single-line Texts, all fit, both names present  [{"n":4,"nl":false,"wide":0,"empty":0,"body":"另一位观星者已叫作Moonlit Lantern · 你仍是Winter Serpent 431 另一位观星者已叫作Moonlit Lantern ·]
  ✓ hi taken: ≥2 single-line Texts, all fit, both names present  [{"n":4,"nl":false,"wide":0,"empty":0,"body":"तारे पहले से एक और Moonlit Lantern को जानते हैं · आज रात से आप Winter Serpe]
  ✓ hi held: ≥2 single-line Texts, all fit, both names present  [{"n":4,"nl":false,"wide":0,"empty":0,"body":"एक और तारा-दर्शी पहले से Moonlit Lantern कहलाता है · आप Winter Serpent 431 ]
  ✓ ar taken: ≥2 single-line Texts, all fit, both names present  [{"n":4,"nl":false,"wide":0,"empty":0,"body":"النجوم تعرف بالفعل Moonlit Lantern آخر · من الليلة أنت Winter Serpent 431 ا]
  ✓ ar held: ≥2 single-line Texts, all fit, both names present  [{"n":4,"nl":false,"wide":0,"empty":0,"body":"مراقب نجوم آخر يُدعى Moonlit Lantern بالفعل · تبقى Winter Serpent 431 مراقب]
  ✓ no page exceptions
  ✓ cleanup: every claim this run made is gone  [names/race s846o names/velvet widow names/instant bc6pc names/instant c1o9o names/instant 2fvso names/free l7oc1 names/winter bear names/circle s846o names/silver quill]
67/67 passed
