A=u0g05qrca "Ember QVXMZ"   B=u5mq0frcb "Rival F98SN"
  ✓ both clients reach the sky
  ✓ A sees B online
  ✓ A opens VERSUS
  ✓ RECENT heading stands
  ✓ a first-night player sees the quiet empty line  [no friends yet — invite one below, or add a recent rival | — RECENT RIVALS — | no rivals yet — your first duel writes the first name here | ✶ SHARE MY FRIEND LINK]
  ✓ BY NAME input opens
  ✓ A lands in a lobby aimed at B
  ✓ B's banner rings
  ✓ the duel starts on both sides
  ✓ recent/<A>/<B> lands with name + at
  ✓ recent/<B>/<A> lands too (both sides of every duel)
  ✓ the row is live in memory mid-duel, no reload (FR listener)
  ✓ both back on the meadow
  ✓ A opens VERSUS
  ✓ RECENT roll: B is the first row  [[{"id":"u5mq0frcb","name":"Rival F98SN","circle":false,"ago":"tonight","lit":"#f0e8d2","y":788.625}]]
  ✓ …"tonight"  [tonight]
  ✓ …lit — B is online  [#f0e8d2]
  ✓ the empty line is gone
  ✓ the roll sits above the friend link  [820.1700000000001 < 1026.1511710739135]
  ✓ a real tap on AGAIN opens a challenge lobby aimed at B (live)
  ✓ lobby waits for an answer  [waiting for Rival F98SN to answer… the seal above works too]
  ✓ the bell rings for B  [{"at":1788365434251,"code":"LYFL","mode":"turns","name":"Ember QVXMZ"}]
  ✓ B's banner rings with A's name
  ✓ the rematch lands — both in a live duel
  ✓ A back on the meadow
  ✓ A sees B leave the sky
  ✓ A opens VERSUS
  ✓ B still first, now unlit  [[{"id":"u5mq0frcb","name":"Rival F98SN","circle":false,"ago":"tonight","lit":"#a9a99a","y":788.625}]]
  ✓ the tap lands a lobby aimed at the absent B
  ✓ the lobby says the summons waits under their stars  [Rival F98SN is away from the sky — your summons waits under their stars until they return]
  ✓ the standing invite lands  [{"at":1788365439750,"code":"BYMU","mode":"turns","name":"Ember QVXMZ"}]
  ✓ A back on the meadow
  ✓ A opens VERSUS
  ✓ FIND A RIVAL opens a searching room
  ✓ the quiet sky answers — a circle mage arrives and the duel starts
  ✓ the opponent is one of the circle  [uiv1t4m84mtkam9qp]
  ✓ recent/<A>/<mage> lands (the engine's seat is an ordinary row)
  ✓ A back on the meadow
  ✓ A opens VERSUS
  ✓ the circle mage is the newest row, marked of the circle, lit ready  [[{"id":"uiv1t4m84mtkam9qp","name":"Winter Owl","circle":true,"ago":"tonight","lit":"#f0e8d2","y":788.625},{"id":"u5mq0frcb","name":"Rival F98SN","circle":false,"ago":"tonight","lit":"#a9a99a","y":867.4875}]]
  ✓ the tap lands a lobby aimed at the mage, circle-routed
  ✓ no dead invite is rung for the circle
  ✓ the room is private, sealed for the mage
  ✓ the mage takes the seat through the engine and the duel goes LIVE
  ✓ both seats: A and the mage  [u0g05qrca,uiv1t4m84mtkam9qp]
  ✓ the engine log shows the seat
  ✓ the lobby never said "declined"
  ✓ vsNightsAgo: 0 → tonight
  ✓ vsNightsAgo: 24h → last night
  ✓ vsNightsAgo: 72h → 3 nights ago
  ✓ vsNightsAgo: 100 days → long ago
  ✓ vsNightsAgo: garbage → tonight
  ✓ en: all 7 strings present, %1 in nights-ago  [{"miss":[],"pct":true}]
  ✓ es: all 7 strings present, %1 in nights-ago  [{"miss":[],"pct":true}]
  ✓ fr: all 7 strings present, %1 in nights-ago  [{"miss":[],"pct":true}]
  ✓ pt: all 7 strings present, %1 in nights-ago  [{"miss":[],"pct":true}]
  ✓ de: all 7 strings present, %1 in nights-ago  [{"miss":[],"pct":true}]
  ✓ ja: all 7 strings present, %1 in nights-ago  [{"miss":[],"pct":true}]
  ✓ ko: all 7 strings present, %1 in nights-ago  [{"miss":[],"pct":true}]
  ✓ zh: all 7 strings present, %1 in nights-ago  [{"miss":[],"pct":true}]
  ✓ hi: all 7 strings present, %1 in nights-ago  [{"miss":[],"pct":true}]
  ✓ ar: all 7 strings present, %1 in nights-ago  [{"miss":[],"pct":true}]
  ✓ no page exceptions
  ✓ cleanup: everything this run wrote is gone
64/64 passed
