BRAIN
    800: mean dmg 12.12 · len 4.13 · rank 141.66 · scrys 0/360
    1200: mean dmg 24.76 · len 5.60 · rank 80.13 · scrys 0/360
    1600: mean dmg 38.02 · len 6.71 · rank 36.93 · scrys 0/360
  ✓ mean damage climbs 800 < 1200 < 1600
  ✓ …by a margin worth feeling (≥ 15% per step)
  ✓ word length climbs too
  ✓ the weak mage misses the best word more
  ✓ every 100 points buys damage (9 ratings, non-decreasing)  [8.9 10.6 13.3 17.6 20.4 27.4 32.6 35.5 41.8]
  ✓ turns 800 thinks in [1.6s, 15s]  [min 1739 max 12509 mean 4948]
  ✓ turns 800 jittered (cv > 0.15)  [0.32]
  ✓ turns 800 opening hesitation ≥ 2.2s  [min 2757]
  ✓ turns 1200 thinks in [1.6s, 15s]  [min 1609 max 12464 mean 4503]
  ✓ turns 1200 jittered (cv > 0.15)  [0.32]
  ✓ turns 1200 opening hesitation ≥ 2.2s  [min 2200]
  ✓ turns 1600 thinks in [1.6s, 15s]  [min 1600 max 9574 mean 3998]
  ✓ turns 1600 jittered (cv > 0.15)  [0.31]
  ✓ turns 1600 opening hesitation ≥ 2.2s  [min 2200]
  ✓ timed 800 thinks in [1.6s, 11s]  [min 1739 max 11000 mean 4946]
  ✓ timed 800 jittered (cv > 0.15)  [0.32]
  ✓ timed 800 opening hesitation ≥ 2.2s  [min 2757]
  ✓ timed 1200 thinks in [1.6s, 11s]  [min 1609 max 11000 mean 4502]
  ✓ timed 1200 jittered (cv > 0.15)  [0.32]
  ✓ timed 1200 opening hesitation ≥ 2.2s  [min 2200]
  ✓ timed 1600 thinks in [1.6s, 11s]  [min 1600 max 9574 mean 3998]
  ✓ timed 1600 jittered (cv > 0.15)  [0.31]
  ✓ timed 1600 opening hesitation ≥ 2.2s  [min 2200]
  ✓ the strong mage reads faster  [4948 > 3998]
  ✓ rival deals the identical opening board from the room seed
  ✓ no page exceptions
DUELS · turns
  ✓ turns 800 the duel rose
  ✓ turns 800 duel 1 played to done
  ✓ turns 800 room 1 done with a winner  [human won]
  ✓ turns 800 rematch answered and played to done
  ✓ turns 800 room 2 done with a winner
  ✓ turns 800 the human saw the second duel end
  ✓ turns 800 casts were thought about  [2 moves]
  ✓ turns 800 no move under 1.5s  [9310,6944]
  ✓ turns 800 no stall past the limit  [cap 15000]
  ✓ turns 800 opening hesitation ≥ 2.2s  [8667,6314]
  ✓ turns 800 no engine errors
  ✓ turns 800 r1 rival seated in the room
  ✓ turns 800 r1 seat carries only a person's fields
  ✓ turns 800 r1 uid cut like a device uid  [uynkdv6lrmtka37wp]
  ✓ turns 800 r1 name cut like a generated name  [Velvet Quill]
  ✓ turns 800 r1 casts carry only a cast's fields
  ✓ turns 800 r1 casts counted on the seat  [1 vs 1]
  ✓ turns 800 r1 dealt = sum of casts
  ✓ turns 800 r1 nothing in the room says bot/ai/engine
  ✓ turns 800 r2 rival seated in the room
  ✓ turns 800 r2 seat carries only a person's fields
  ✓ turns 800 r2 uid cut like a device uid  [uynkdv6lrmtka37wp]
  ✓ turns 800 r2 name cut like a generated name  [Velvet Quill]
  ✓ turns 800 r2 casts carry only a cast's fields
  ✓ turns 800 r2 casts counted on the seat  [1 vs 1]
  ✓ turns 800 r2 dealt = sum of casts
  ✓ turns 800 r2 nothing in the room says bot/ai/engine
  ✓ turns 800 seat rating near the target  [776]
  ✓ turns 800 no page exceptions
    turns 800: 2 casts · mean dmg 5.0 · rival won 0 of 2 · words TIC TOIT
  ✓ turns 1200 the duel rose
  ✓ turns 1200 duel 1 played to done
  ✓ turns 1200 room 1 done with a winner  [human won]
  ✓ turns 1200 rematch answered and played to done
  ✓ turns 1200 room 2 done with a winner
  ✓ turns 1200 the human saw the second duel end
  ✓ turns 1200 casts were thought about  [2 moves]
  ✓ turns 1200 no move under 1.5s  [10260,6029]
  ✓ turns 1200 no stall past the limit  [cap 15000]
  ✓ turns 1200 opening hesitation ≥ 2.2s  [9655,5400]
  ✓ turns 1200 no engine errors
  ✓ turns 1200 r1 rival seated in the room
  ✓ turns 1200 r1 seat carries only a person's fields
  ✓ turns 1200 r1 uid cut like a device uid  [uqioj0vkdmtka47ig]
  ✓ turns 1200 r1 name cut like a generated name  [Silver Lantern]
  ✓ turns 1200 r1 casts carry only a cast's fields
  ✓ turns 1200 r1 casts counted on the seat  [1 vs 1]
  ✓ turns 1200 r1 dealt = sum of casts
  ✓ turns 1200 r1 nothing in the room says bot/ai/engine
  ✓ turns 1200 r2 rival seated in the room
  ✓ turns 1200 r2 seat carries only a person's fields
  ✓ turns 1200 r2 uid cut like a device uid  [uqioj0vkdmtka47ig]
  ✓ turns 1200 r2 name cut like a generated name  [Silver Lantern]
  ✓ turns 1200 r2 casts carry only a cast's fields
  ✓ turns 1200 r2 casts counted on the seat  [1 vs 1]
  ✓ turns 1200 r2 dealt = sum of casts
  ✓ turns 1200 r2 nothing in the room says bot/ai/engine
  ✓ turns 1200 seat rating near the target  [1196]
  ✓ turns 1200 no page exceptions
    turns 1200: 2 casts · mean dmg 13.5 · rival won 0 of 2 · words APANAGE GUTTA
  ✓ turns 1600 the duel rose
  ✓ turns 1600 duel 1 played to done
  ✓ turns 1600 room 1 done with a winner  [human won]
  ✓ turns 1600 rematch answered and played to done
  ✓ turns 1600 room 2 done with a winner
  ✓ turns 1600 the human saw the second duel end
  ✓ turns 1600 casts were thought about  [2 moves]
  ✓ turns 1600 no move under 1.5s  [6629,6282]
  ✓ turns 1600 no stall past the limit  [cap 15000]
  ✓ turns 1600 opening hesitation ≥ 2.2s  [5984,5671]
  ✓ turns 1600 no engine errors
  ✓ turns 1600 r1 rival seated in the room
  ✓ turns 1600 r1 seat carries only a person's fields
  ✓ turns 1600 r1 uid cut like a device uid  [u7sjdtrm3mtka58k6]
  ✓ turns 1600 r1 name cut like a generated name  [Astral Mage]
  ✓ turns 1600 r1 casts carry only a cast's fields
  ✓ turns 1600 r1 casts counted on the seat  [1 vs 1]
  ✓ turns 1600 r1 dealt = sum of casts
  ✓ turns 1600 r1 nothing in the room says bot/ai/engine
  ✓ turns 1600 r2 rival seated in the room
  ✓ turns 1600 r2 seat carries only a person's fields
  ✓ turns 1600 r2 uid cut like a device uid  [u7sjdtrm3mtka58k6]
  ✓ turns 1600 r2 name cut like a generated name  [Astral Mage]
  ✓ turns 1600 r2 casts carry only a cast's fields
  ✓ turns 1600 r2 casts counted on the seat  [1 vs 1]
  ✓ turns 1600 r2 dealt = sum of casts
  ✓ turns 1600 r2 nothing in the room says bot/ai/engine
  ✓ turns 1600 seat rating near the target  [1578]
  ✓ turns 1600 no page exceptions
    turns 1600: 2 casts · mean dmg 33.0 · rival won 0 of 2 · words BIVALVES ZODIAC
  ✓ live: the 1600 rival out-damages the 800 rival per cast  [5.0 → 13.5 → 33.0]
DUELS · timed
  ✓ timed 1200 the duel rose
  ✓ timed 1200 duel 1 played to done
  ✓ timed 1200 room 1 done with a winner  [human won]
  ✓ timed 1200 rematch answered and played to done
  ✓ timed 1200 room 2 done with a winner
  ✓ timed 1200 the human saw the second duel end
  ✓ timed 1200 casts were thought about  [1 moves]
  ✓ timed 1200 no move under 1.5s  [6196]
  ✓ timed 1200 no stall past the limit  [cap 11000]
  ✓ timed 1200 opening hesitation ≥ 2.2s  [5678]
  ✓ timed 1200 no engine errors
  ✓ timed 1200 r1 rival seated in the room
  ✓ timed 1200 r1 seat carries only a person's fields
  ✓ timed 1200 r1 uid cut like a device uid  [uak5zsqujmtka68ar]
  ✓ timed 1200 r1 name cut like a generated name  [Comet Widow]
  ✓ timed 1200 r1 casts carry only a cast's fields
  ✓ timed 1200 r1 casts counted on the seat  [1 vs 1]
  ✓ timed 1200 r1 dealt = sum of casts
  ✓ timed 1200 r1 nothing in the room says bot/ai/engine
  ✓ timed 1200 r2 rival seated in the room
  ✓ timed 1200 r2 seat carries only a person's fields
  ✓ timed 1200 r2 uid cut like a device uid  [uak5zsqujmtka68ar]
  ✓ timed 1200 r2 name cut like a generated name  [Comet Widow]
  ✓ timed 1200 r2 casts carry only a cast's fields
  ✓ timed 1200 r2 casts counted on the seat  [0 vs 0]
  ✓ timed 1200 r2 dealt = sum of casts
  ✓ timed 1200 r2 nothing in the room says bot/ai/engine
  ✓ timed 1200 seat rating near the target  [1208]
  ✓ timed 1200 no page exceptions
    timed 1200: 1 casts · mean dmg 23.0 · rival won 0 of 2 · words COAMING
FORFEIT
  ✓ the duel is live
  ✓ a real tap on ‹ left the duel
  ✓ the rival settled the room within 15s
  ✓ room done, the rival stands alone as winner  [done true]
  ✓ the deserter is marked gone
  ✓ no engine errors
  ✓ no page exceptions
PLAY · a real duel, my taps against the rival
  ✓ the duel is live
    me: PREWEIGH
    me: OXYTOCIN
  ✓ the duel reached done  [I won]
  ✓ I cast real words by tapping  [2 casts]
  ✓ play casts were thought about  [1 moves]
  ✓ play no move under 1.5s  [6792]
  ✓ play no stall past the limit  [cap 15000]
  ✓ play opening hesitation ≥ 2.2s  [6119]
  ✓ play no engine errors
  ✓ play rival seated in the room
  ✓ play seat carries only a person's fields
  ✓ play uid cut like a device uid  [uzhssnk43mtka78xv]
  ✓ play name cut like a generated name  [Quiet Hare]
  ✓ play casts carry only a cast's fields
  ✓ play casts counted on the seat  [1 vs 1]
  ✓ play dealt = sum of casts
  ✓ play nothing in the room says bot/ai/engine
  ✓ no page exceptions
  — the rival's transcript —
    0.0s  seated {"code":"FJRQ","name":"Quiet Hare","rating":1119,"target":1100}
    0.2s  begin {"code":"FJRQ","mode":"turns","lang":"en","board":"i o e o i p e c g h n n w r g u"}
    10.2s  thinks 6.1s (opening) → crowing 25 (rank 23 of 705, best 25)
    17.0s  CAST CROWING −25 → Wisp RC
    23.5s  done {"code":"FJRQ","winner":"them","casts":1,"dealt":25}
QUEUE · the 12-second rival
  ✓ FIND opened a queued room (seekAt stamped)
  ✓ a rival arrived while the searcher waited alone  [uuymdgpptmtka8aoy]
  ✓ …between 11s and 17s after FIND (jittered)  [15.0s]
  ✓ uid cut like a device uid, no test_ prefix  [uuymdgpptmtka8aoy]
  ✓ name cut like a generated name  [Rune Widow]
  ✓ seat rating 40–90 off the player's (1000)  [1064]
  ✓ the persona has an ordinary profile row  [{"achCount":5,"at":1788364806372,"beasts":4,"bestQuick":103,"bigHit":27,"longest":5,"name":"Rune Widow","rating":1064,"r]
  ✓ …with only the fields SS.sync writes
  ✓ the duel rose on the ordinary path (host auto-start)
  ✓ the searching screen saw the rival as a person: lobby roster named them
  ✓ nothing on screen says bot/ai  [SEAL QAXB |  | ‹ | ✦ YOUR TURN ✦ | YOU | Wisp RC | 60 / 60 | tap letters to weav]
  ✓ the opponent nameplate shows the persona with a star-class glyph
  ✓ the board opened
  ✓ the rating card names the persona and its star-class from the seat  [Rune Widow | ✦ | — RISING STAR —]
  ✓ …and no ☾ veil / no "loading" stub
  ✓ WIN: duel 1 reached the end screen (state done, REMATCH live)
  ✓ WIN: the searcher is the winner
  ✓ WIN: the rating moved UP, as against a person  [1000 → 1019 (rd 19)]
  ✓ WIN: the end screen offers ADD AS FRIEND for the persona
  ✓ ADD AS FRIEND lands the persona in my friends, offline and quiet
  ✓ REMATCH: the persona answered and the second duel rose
  ✓ LOSS: duel 2 reached the end screen
  ✓ LOSS: the persona is the winner of the rematch  [uuymdgpptmtka8aoy]
  ✓ LOSS: the rating moved DOWN  [1019 → 1004 (rd -15)]
  ✓ queue r1 rival seated in the room
  ✓ queue r1 seat carries only a person's fields
  ✓ queue r1 uid cut like a device uid  [uuymdgpptmtka8aoy]
  ✓ queue r1 name cut like a generated name  [Rune Widow]
  ✓ queue r1 casts carry only a cast's fields
  ✓ queue r1 casts counted on the seat  [0 vs 0]
  ✓ queue r1 dealt = sum of casts
  ✓ queue r1 nothing in the room says bot/ai/engine
  ✓ queue r2 rival seated in the room
  ✓ queue r2 seat carries only a person's fields
  ✓ queue r2 uid cut like a device uid  [uuymdgpptmtka8aoy]
  ✓ queue r2 name cut like a generated name  [Rune Widow]
  ✓ queue r2 casts carry only a cast's fields
  ✓ queue r2 casts counted on the seat  [1 vs 1]
  ✓ queue r2 dealt = sum of casts
  ✓ queue r2 nothing in the room says bot/ai/engine
  ✓ the row grew: two runs, words cast, one win, rating moved both ways  [1064 → 1060, runs 4 → 6, words 32 → 33, vsWins 3 → 4]
  ✓ …still only a person's fields
  ✓ the persona is on no daily or weekly board
  ✓ the persona has no presence row (never "online")
  ✓ the circle kept the persona for next time
  ✓ spread: 20 draws all 40–90 off 1000  [1059 955 924 923 1071 1054 959 912 1074 918 1078 959 930 927 934 932 930 1044 946 1067]
  ✓ spread: some above, some below
  ✓ spread: at the floor every draw lands above
  ✓ no console line says bot/ai
  ✓ no page exceptions
  ✓ no engine errors

218 passed, 0 failed
no page errors
