— THE SOURCE AUDIT: GHOSTS TOUCH NOTHING LIVE —
  ✓ seed layer never reaches the net (no SSNET / firebase / fetch)
  ✓ ghost uids wear the reserved prefix
  ✓ versus + rival engine never read a board (no getBoard)
  ✓ the merge is guarded (a seed bug can never take the board down)

— THE CAST: DETERMINISTIC, LEGAL, IN THE BAND —
  ✓ firebase blocked — this sky is cold (local mode)
  ✓ the cast list holds 90 names, all ≤ 18 chars, no duplicates
  ✓ every en seed word is real in its dictionary
  ✓ every es seed word is real in its dictionary
  ✓ every fr seed word is real in its dictionary
  ✓ every pt seed word is real in its dictionary
  ✓ every de seed word is real in its dictionary
  ✓ the en daily casts 6-10 hunters  [n=7]
  ✓ two reads are identical — every player sees this cast
  ✓ every ghost is flagged and wears the sg_ prefix
  ✓ every name is from the editable list  [Felix,snowmint,halcyon,Rowan,Marcus,lanternjack,Cole]
  ✓ every finest word is from the editable pools
  ✓ scores sit inside the daily band (120-560)  [162,153,274,549,487,342,356]
  ✓ arrivals all inside the day
  ✓ word length follows the score (small score, small word)
  ✓ the board fills THROUGH the day (4min ≤ noon ≤ night)  [1 → 4 → 7]
  ✓ an early hunter arrives inside the first ten minutes
  ✓ noon's hunters are exactly the night's first arrivals
  ✓ a hunter minutes into the sky holds only a small score
  ✓ the es daily casts its own hunters (≥1 local, es words)  [tidepool:PLATA,juniper:TIERRA,Lucía:NOCHE,Ximena:VERDE,Mateo:CRISTAL,Rocío:SUEÑO,Andrés:BRISA]
  ✓ en and es boards never share a hunter on one day
  ✓ the weekly casts 12-18 across its week  [n=15]
  ✓ weekly hunters never sit on this week's dailies
  ✓ weekly scores sit inside the weekly band (150-640)
  ✓ a returning hunter keeps their rating and veil across days  [Marcus @937]
  ✓ ratings live in the quiet band (880-1160)

— GETBOARD: COLD SKY, THEN REAL ROWS ALWAYS ON TOP —
  ✓ a cold daily board is alive (ghosts merged in)  [n=7]
  ✓ no ghost is ever "you"
  ✓ the count is truthful to the merged list
  ✓ the board is sorted
  ✓ two board reads agree
  ✓ a cold weekly board is alive too  [n=7]
  ✓ the real row is champion the moment it lands
  ✓ every ghost yields to it (all strictly below 300)
  ✓ "you" points at the real row
  ✓ the squeeze reads natural, never a wall of neighbours  [294,274,271,222,217,162,153]
  ✓ the weekly row landed and rules its ghosts too
  ✓ a humble real row ranks among the ghosts, displacing none
  ✓ an unstamped daily row stays invisible (the m-filter holds)
  ✓ even a score of 28 keeps #1 — ghosts fold below it  [28,26,24,20,19,17,14,13]
  ✓ a real row wearing a ghost's name retires that ghost
  ✓ no ghost ever wears the player's own name
  ✓ no page exceptions across the cast + merge work

— ONE SWITCH REMOVES EVERY GHOST —
  ✓ ?ghosts=0 disarms the layer
  ✓ the cold board is bare again — real rows only
  ✓ flipping SS_SEED.enabled live brings the hunters back

— THE SURFACES: SHEET, PODIUM, RATING CARD, YOU —
  ✓ the daily chip opens the sheet (real tap)
  ✓ the sheet lists seeded hunters, not the empty line  [Felix,snowmint,halcyon,Rowan,Marcus,lanternjack,Cole]
  ✓ ✕ closes the sheet
  ✓ the profile's leaderboard door opens the ceremony (real tap)
  ✓ the podium stands on a cold sky — a seeded champion
  ✓ the champion is one of ours  [Rowan]
  ✓ tapping a ghost's name opens their rating card (real tap)
  ✓ the card is filled, never stuck loading  [Rowan · ✦ · — RISING STAR —]
  ✓ the veil closes the card
  ✓ after a real 300, the podium crowns YOU as #1 of the merged field  [1 · ✦ YOU ✦ · Winter Raven · LANTERN · 2 · Rowan]
  ✓ the weekly tab carries the run + its ghosts too
  ✓ no page exceptions across the surfaces

— GHOSTS CANNOT BE CHALLENGED —
  ✓ findByName knows no ghost (cold sky: no registry at all)
  ✓ ghosts left no trace: no registry, no presence, no sg_ rows anywhere

64/64 checks passed
