
SIGNLEVEL-CHECK · sign levels 1-50

— THE CURVE ON PAPER —
  ✗ quick run at pick
  ✗ sky blocked (local net)  [connecting]
  ✓ the XP curve pins hold (L5 320 · L10 990 · L20 3230 · L30 6670 · L40 11286 · L50 16286), max 50, cum monotone  [[320,990,3230,16286]]
  ✓ all 14 dials match the pinned balance sheet, every table monotone
  ✓ the three laws: value@22 IS today's number, the whole 22-28 band constant, L1 weaker (virgo's count the stated exception), L50 stronger

— THE RESOLVER —
  ✓ ssSignVal walks breakpoints (between rungs, clamped both ends, unknown undefined)
  ✓ capricorn's fractional per survives the resolver raw (0.5, never |0'd)
  ✓ ssSignLvFor at the threshold edges: 0→1, 989→9, 990→10, 16285→49, 16286→50, huge→50
  ✓ rewards supersede, never stack: 0 at 9 · hp 5 at 10 · hp 10 (not 15) at 25 · hp 10 + gilded 1 at 40+
  ✓ ssSignRewardAt names only the exact row (10 vessel, 11 null, 40 gilded)
  ✓ the levelled descs cannot drift: SS_ZOD substitutes the dial (aries 4/8/13) and bands the wording (virgo once/twice/thrice, capricorn second/every/+2)

— EVERY POWER AT L1 / 22 / 50 —
file:///Users/admin/DrBango/beta3/tools/signlevel-check.mjs:72
  if (r?.exceptionDetails) throw new Error(r.exceptionDetails.exception?.description || 'eval failed');
                                 ^

Error: ReferenceError: SS is not defined
    at <anonymous>:1:1
    at ev (file:///Users/admin/DrBango/beta3/tools/signlevel-check.mjs:72:34)
    at async file:///Users/admin/DrBango/beta3/tools/signlevel-check.mjs:249:5
    at async file:///Users/admin/DrBango/beta3/tools/signlevel-check.mjs:247:65

Node.js v22.23.2
