
━━ iPhone 15/16 — 393×852 @3 · inset 59/34
  ✓ home stands
  ✓ a real touch on NEW GAME opens the sign sheet
  ✓ the FIRST card is THE OPEN SKY (id none, 1 of 13)  [{"id":"none","cur":0,"n":13,"moving":false,"x":0}]
  ✓ the open-sky card carries its name, title and the plain desc  [THE OPEN SKY | THE UNSIGNED CLIMB | No sign, no power — the classic climb, as the  | first stars saw it. | HARD]
  ✓ no asterism and no record on the open-sky card
  ✓ 16 · open sky: 9 texts + 7 targets in the safe band, none clipped
  ✓ 16 · open sky: tap targets ≥ 44 pt (arrows, BEGIN, ✕)  [ · ‹48 ›48 ✕44]
  ✓ 16 · open sky: no text overlaps, one-line law
  ✓ mid-drag the strip follows the finger and the neighbor peeks in  [{"x":-225,"peek":2}]
  ✓ the swipe settles on ARIES  [{"id":"aries","cur":1,"n":13,"moving":false,"x":0}]
  ✓ ARIES · THE RAM with its power at the card bottom  [ARIES | THE RAM | Each battle opens with a headlong ram: the  | beast takes 4. | LEVEL 1 | HARD]
  ✓ the aries card draws the asterism placeholder (plate blocked — the not-loaded fallback)
  ✓ 16 · aries: 10 texts + 7 targets in the safe band, none clipped
  ✓ 16 · aries: tap targets ≥ 44 pt (arrows, BEGIN, ✕)  [ · ‹48 ›48 ✕44]
  ✓ 16 · aries: no text overlaps, one-line law
  ✓ a short drag settles back on the same card  [{"id":"aries","cur":1,"n":13,"moving":false,"x":0}]
  ✓ a swipe right returns to THE OPEN SKY  [{"id":"none","cur":0,"n":13,"moving":false,"x":0}]
  ✓ a swipe right from the first card WRAPS to PISCES (13 of 13)  [{"id":"pisces","cur":12,"n":13,"moving":false,"x":0}]
  ✓ a real tap on › from the last card WRAPS to the open sky  [{"id":"none","cur":0,"n":13,"moving":false,"x":0}]
  ✓ a real tap on ‹ wraps back to PISCES  [{"id":"pisces","cur":12,"n":13,"moving":false,"x":0}]
  ✓ only three card containers live in the strip
  ✓ the counter reads 13 / 13
  ✓ three › taps from pisces land on TAURUS  [{"id":"taurus","cur":2,"n":13,"moving":false,"x":0}]
  ✓ the TAURUS card takes the zod_taurus plate (the seam) and skips the asterism
  ✓ three more › land on LEO with its record styled in  [{"id":"leo","cur":5,"n":13,"moving":false,"x":0} LEO | THE LION | The roar: words of 6+ letters deal +4. | LEVEL 1 | ★ cleared ×2 · best 1234 | HARD]
  ✓ 16 · leo: 11 texts + 7 targets in the safe band, none clipped
  ✓ 16 · leo: tap targets ≥ 44 pt (arrows, BEGIN, ✕)  [ · ‹48 ›48 ✕44]
  ✓ 16 · leo: no text overlaps, one-line law
  ✓ every desc line is single (ssTextBlock, one Text per line)
  ✓ a real tap on BEGIN under LEO pins beta3.campsign=leo and opens the star chart  [leo]
  ✓ the campaign run stands under LEO (b.sign = leo, the sign glyph beside the score)
  ✓ home stands again
  ✓ NEW GAME opens the sheet again, on THE OPEN SKY
  ✓ BEGIN on the first card pins none and opens the chart  [none]
  ✓ the unsigned classic run stands (b.sign null, no glyph)
  ✓ home stands (3)
  ✓ the sheet opens (3)
  ✓ a real tap on ✕ closes the sheet
  ✓ the sheet opens (4)
  ✓ a real touch on the veil closes the sheet
  ✓ no page exceptions

━━ iPhone SE — 375×667 @2
  ✓ home stands
  ✓ NEW GAME opens the sheet
  ✓ iPhone SE · open sky: 9 texts + 7 targets in the safe band, none clipped
  ✓ iPhone SE · open sky: tap targets ≥ 44 pt (arrows, BEGIN, ✕)  [ · ‹48 ›48 ✕44]
  ✓ iPhone SE · open sky: no text overlaps, one-line law
  ✓ a swipe lands on ARIES  [{"id":"aries","cur":1,"n":13,"moving":false,"x":0}]
  ✓ iPhone SE · aries: 10 texts + 7 targets in the safe band, none clipped
  ✓ iPhone SE · aries: tap targets ≥ 44 pt (arrows, BEGIN, ✕)  [ · ‹48 ›48 ✕44]
  ✓ iPhone SE · aries: no text overlaps, one-line law
  ✓ five › taps land on VIRGO (the longest desc)  [{"id":"virgo","cur":6,"n":13,"moving":false,"x":0}]
  ✓ iPhone SE · virgo: 10 texts + 7 targets in the safe band, none clipped
  ✓ iPhone SE · virgo: tap targets ≥ 44 pt (arrows, BEGIN, ✕)  [ · ‹48 ›48 ✕44]
  ✓ iPhone SE · virgo: no text overlaps, one-line law
  ✓ no page exceptions

━━ iPad portrait — 820×1180 @2
  ✓ home stands
  ✓ NEW GAME opens the sheet
  ✓ iPad portrait · open sky: 9 texts + 7 targets in the safe band, none clipped
  ✓ iPad portrait · open sky: tap targets ≥ 44 pt (arrows, BEGIN, ✕)  [ · ‹48 ›48 ✕44]
  ✓ iPad portrait · open sky: no text overlaps, one-line law
  ✓ a swipe lands on ARIES  [{"id":"aries","cur":1,"n":13,"moving":false,"x":0}]
  ✓ iPad portrait · aries: 10 texts + 7 targets in the safe band, none clipped
  ✓ iPad portrait · aries: tap targets ≥ 44 pt (arrows, BEGIN, ✕)  [ · ‹48 ›48 ✕44]
  ✓ iPad portrait · aries: no text overlaps, one-line law
  ✓ five › taps land on VIRGO (the longest desc)  [{"id":"virgo","cur":6,"n":13,"moving":false,"x":0}]
  ✓ iPad portrait · virgo: 10 texts + 7 targets in the safe band, none clipped
  ✓ iPad portrait · virgo: tap targets ≥ 44 pt (arrows, BEGIN, ✕)  [ · ‹48 ›48 ✕44]
  ✓ iPad portrait · virgo: no text overlaps, one-line law
  ✓ no page exceptions

69 passed, 0 failed
