  ✓ the meadow stands up with a lantern beside the daily herald
  ✓ a missed night reads ALIVE while a grace is in hand  [6/true]
  ✓ the hunt after spends the grace exactly once and extends the streak  [["graced",7,0,"[20260610]"]]
  ✓ two missed nights in a row still reset  [[0,"relit",1,7]]
  ✓ the bridging hunt does not count toward re-earning
  ✓ five dailies after a spent grace re-earn it  [1/0 2/0 3/0 4/0 0/1]
  ✓ a vacation is never bridged, and never eats the unspent grace  [[0,"relit",1,1]]
  ✓ twice on a graced night is still one night  [graced/4 same/4]
  ✓ each mark fires exactly once  [7,0,30,0,100]
  ✓ every mark reached is offered for awarding  [7,30,100 pend=100]
  ✓ a broken streak clears its marks and may earn them again  [0]
  ✓ the lamp dresses by the marks, lit from night one  [-1,0,0,0,1,1,2,2,3,3]
  ✓ cold with no streak, and still legible (alpha never below 0.8)  [{"tex":"lantern-cold","count":"","glow":0,"lamp":0.82,"grace":0,"fits":true,"beside":true,"clearOfChip":true,"onScreen":true}]
  ✓ LIT from the first night, with its halo and no number yet  [{"tex":"lantern-lit","count":"","glow":0.12,"lamp":1,"grace":0,"fits":true,"beside":true,"clearOfChip":true,"onScreen":true}]
  ✓ numbered from night two  [{"tex":"lantern-lit","count":"6","glow":0.12,"lamp":1,"grace":0,"fits":true,"beside":true,"clearOfChip":true,"onScreen":true}]
  ✓ night 7 → the ember crown  [lantern-m1]
  ✓ night 30 → the true lantern  [lantern-m2]
  ✓ night 100 → comet-crowned, and it stays there  [lantern-m3/lantern-m3]
  ✓ a three-digit flame still fits the pane  [{"tex":"lantern-m3","count":"365","glow":0.13,"lamp":1,"grace":0,"fits":true,"beside":true,"clearOfChip":true,"onScreen":true}]
  ✓ the halo never outshines the daily ember (0.13)
  ✓ the grown lamp still stands clear of both corner chips and the status bar  [[true,true,true]]
  ✓ a flame standing on its grace night wears the ◌ mark, and only then  [0.9/0]
  ✓ a real tap on the lamp opens the lantern sheet
  ✓ the sheet wears the lamp at the tier the streak earned  [veil,endpanel,e06bad4d-962a-4fc9-9c3e-f96674c0283c,gold@19@THE LANTERN,glowbig#ffb457,lantern-m1,ba8095ef-479a-4697-b52c-03bb34eff38b,5eda7afa-3b57-4278-88b5-6673d426ab6a,f8ef470d-504e-4e25-9013-89d2b086051f,3ff22f99-a0bb-4fc5-a8e0-eab6d58b0acc,63f47459-6f38-4a54-954a-f6333b464cf1,a4aba326-c99d-4aa2-b514-ca5874b46af8,63d89929-106a-4086-927e-ba446add1ce9,23993eda-5c5a-4c2f-82c8-476513c8851f,9f050aa4-cf5b-4af3-89c2-d74267bff987,7f2687bd-3496-4c0c-9ee9-7260963ddbf4,c845550e-9ce1-495a-be6a-243e60cd6353,90e0bf72-2fe1-415e-be59-619b5d3399ef,2a01b0dc-b578-47dd-a53a-38a944781470,f75fa9f0-3f92-42c1-9214-54ebc0351d54,77983bb5-20e1-42f1-808c-bc9d3c346cc1,df4e3bf1-f4ef-4a12-b87c-e27ee4afdfed,50336be5-ed8a-421e-9c4f-d19fd70f16db,6a71dcc0-9183-4afc-830d-a22e74a0d661,68f9d57d-6fb5-45bb-a1bd-e46e016a1fdb,btn@240x52,149708cb-b302-4c22-a60d-57d952dbbe43]
  ✓ the week strip draws seven rings  [7]
  ✓ the strip owns up to the grace night with a ◌  [["✕","9","14","✓","15","✓","16","◌","17","✓","18","✓","19","20"]]
  ✓ the strip ticks the four hunted nights  [4]
  ✓ the quiet line names the re-earn cost  [◌ grace night held — re-earned in 3 more hunts]
  ✓ the sheet names the night, the longest flame and the next mark  [["🔥 night 9","longest flame · 21","✓ hunted · ◌ grace night · ○ missed","◌ grace night held — re-earned in 3 more hunts","next mark · night 30"]]
  ✓ every item on the sheet sits inside its window, and the window on screen  [472..1635 in 425..1703 of 2103]
  ✓ the sheet keeps the daily one tap away
  ✓ a pending mark holds a ceremony on the meadow
  ✓ the ceremony shows the lamp in its new dress  [veil,glowbig#ffd77a,lantern-m2,5c021849-601f-4342-9338-f57163307c7e,dot,f70d8535-3df1-4532-bab3-02b3306aafaf,gold@26@THIRTY NIGHTS,413ca602-21d8-4c0f-a353-f4a443e36ef8,973df81f-a7eb-4d15-bfde-1bf5b1d4e47e]
  ✓ the ceremony names the mark and what grew  [["30","THE LANTERN GROWS","the iron is gilded, and the light gets out","tap outside to close"]]
  ✓ sparks fly
  ✓ the mark is spent the moment it is honoured — and saved  [0/0]
  ✓ it rides above the meadow  [660]
  ✓ the ceremony lets the meadow back
  ✓ and the corner lamp is wearing the new dress  [lantern-m2]
  ✓ a hunt after one missed night spends the grace and extends to 14  [{"n":14,"last":20260812,"best":14,"g":0,"gp":0,"gd":[20260811],"mk":7,"pend":0}]
  ✓ the end screen owns up to the grace it just spent  [["every star-beast has fallen · the night is yours","🔥 night 14","◌ a grace night held the flame"]]
  ✓ nothing on the taller daily window falls outside it  [311..1932 in 237..2003 of 2103]
  ✓ crossing seven names the mark on the end screen and queues its ceremony  [["✦ SEVEN NIGHTS ✦",7]]
  ✓ and the achievement is awarded  [daily-devout,flame-7]
  ✓ a player arriving already deep collects every mark they earned  [daily-devout,flame-7,flame-30,flame-100]
  ✓ an ordinary night still says where the net stands  [◌ a grace night is held for you]
  ✓ a v0.39.0 profile wakes holding one grace, with its marks already seeded  [{"n":40,"last":20260902,"best":40,"g":1,"gp":0,"gd":[],"pend":0,"mk":30}]
  ✓ a profile predating the lantern still reads 0 — and still gets its net  [{"n":0,"last":0,"best":0,"g":1,"gp":0,"gd":[],"pend":0,"mk":0}]
  ✓ the profile scene stands up
  ✗ all 23 achievements are listed, the three marks among them  [26/26]
  ✗ and the grown ledger still clears the seal at the foot of the page  [2048 → seal 2048 of 2103]
  ✓ the meadow stands, lamp lit at six nights  [lantern-lit]
  ✓ the daily stands up
  ✓ the end screen names the seventh night
  ✓ HOME lands us back on the grass
  ✓ and the ceremony arrives on its own, no prodding
  ✓ it is the SEVEN NIGHTS rite, with the grown lamp, and the mark is spent  [["7","THE LANTERN GROWS","an ember crowns the glass","tap outside to close"] gold@26@SEVEN NIGHTS]
  ✓ the meadow comes back with the grown lamp in the corner  [lantern-m1]
  ✓ and a later boot does NOT hold the ceremony again

57 passed, 2 failed
no page errors
