  ✓ the meadow stands
  ✓ none of the four flavour lines is anywhere on the meadow  [0]
  ✓ QUICK PLAY is gone from the meadow: no button, no label  [{"btn":false,"txt":false}]
  ✓ …but the quick MODE keeps its string in every language (Wyatt may bring it back)
  ✓ NO CHECKPOINT → CONTINUE GAME is not rendered at all: invisible, input off  [{"rowY":420,"vis":false,"h":58,"lift":0,"label":"CONTINUE GAME","sub":null,"subColor":null,"hit":false,"alpha":1,"labA":1,"hand":true}]
  ✓ the column closes ranks — NEW GAME · ENDLESS · VERSUS at 454/522/590, no gap  [[454,522,590]]
  ✓ the ENDLESS door speaks its verb on a virgin meadow (sub live, label lifted 9)  [{"rowY":522,"vis":true,"h":58,"lift":9,"label":"ENDLESS","sub":"how far can you climb?","subColor":"#c9b48a","hit":true,"alpha":1,"labA":1,"hand":true}]
  ✓ newcamp: 58-tall button, label dead-centre, no sub-line showing  [{"rowY":454,"vis":true,"h":58,"lift":0,"label":"NEW GAME","subColor":null,"hit":true,"alpha":1,"labA":1,"hand":true}]
  ✓ versus: 58-tall button, label dead-centre, no sub-line showing  [{"rowY":590,"vis":true,"h":58,"lift":0,"label":"⚔ VERSUS ⚔","sub":null,"subColor":null,"hit":true,"alpha":1,"labA":1,"hand":true}]
  ✓ LEADERBOARD is gone from the meadow (v0.52.0): no row, no label — it lives in the profile  [{"btn":false,"txt":false}]
  ✓ NEW GAME wears its new name  [NEW GAME]
  ✓ the daily chip still carries its countdown / tick  [☀ 8:25:45]
  ✓ a REAL tap where CONTINUE GAME once stood opens nothing (no sheet, no map, no ascent)
  ✓ dusk: one side of the glyph pops from the band (5.18 ≥ 2.5) and the rim is darker than it  [bg 0.33 bright 0.7245 dark 0.0234 · ink/bg 2.04 rim/bg 5.18 · old grey 1.07 · span 10.55]
  ✓ dusk: glyph definition beats the old grey on the SAME band (span 10.55 ≥ 6, ≥ 1.5× the grey's 1.07)  [bg 0.33 bright 0.7245 dark 0.0234 · ink/bg 2.04 rim/bg 5.18 · old grey 1.07 · span 10.55]
  ✓ ten languages loaded  [10]
  ✓ campaignSub / newCampSub / quickSub / versusSub pruned from every language  [[]]
  ✓ vsFriendsOn and fightN kept in every language
  ✓ newCamp / contCamp / restartTitle / restartBody renamed in all ten languages (no campaign word survives)
  ✓ the en restart sheet says game, in so many words
  ✓ two friends come online (presence layer)
  ✓ versus shows "✦ 2 of your friends online" in gold  [{"rowY":590,"vis":true,"h":58,"lift":9,"label":"⚔ VERSUS ⚔","sub":"✦ 2 of your friends online","subColor":"#ffe9a8","hit":true,"alpha":1,"labA":1,"hand":true}]
  ✓ and the VERSUS label lifts 9 to make room  [9]
  ✓ the other rows did not move
  ✓ the friends log off
  ✓ the counter goes and the label re-centres — no orphaned gap  [{"rowY":590,"vis":true,"h":58,"lift":0,"label":"⚔ VERSUS ⚔","sub":null,"subColor":null,"hit":true,"alpha":1,"labA":1,"hand":true}]
  ✓ the meadow stands with a checkpoint
  ✓ CONTINUE GAME is rendered at the head of the column — four doors, 429..615, no gap  [[429,491,553,615]]
  ✓ it reads CONTINUE GAME (contCamp, not the in-run "CONTINUE")  [CONTINUE GAME]
  ✓ …carries "ACT I · fight 3 of 5" under it (progress, not flavour) and lifts 9  [{"rowY":429,"vis":true,"h":58,"lift":9,"label":"CONTINUE GAME","sub":"ACT I  ·  fight 3 of 5","subColor":"#c9b48a","hit":true,"alpha":1,"labA":1,"hand":true}]
  ✓ …and is fully alive: lit, input on, hand cursor  [{"rowY":429,"vis":true,"h":58,"lift":9,"label":"CONTINUE GAME","sub":"ACT I  ·  fight 3 of 5","subColor":"#c9b48a","hit":true,"alpha":1,"labA":1,"hand":true}]
  ✓ a real tap on CONTINUE GAME opens the star chart (no sign sheet — the sign is pinned)
  ✓ tapping the glowing node resumes the climb
  ✓ …at the checkpoint's own fight (fightIdx 2 = fight 3 of 5)  [campaign/2]
  ✓ the meadow stands again with the checkpoint
  ✓ a real tap on NEW GAME (aimed at the label) opens the restart sheet
  ✓ the sheet says "This will restart your current game in progress."  [["This will restart your current game in progress.","ACT I  ·  fight 3 of 5","BACK","NEW"]]
  ✓ …with BACK and NEW
  ✓ BACK dismisses to the meadow
  ✓ …with the climb intact: the checkpoint still stands and the door still heads the column  [{"rowY":429,"vis":true,"h":59.7,"lift":9,"label":"CONTINUE GAME","sub":"ACT I  ·  fight 3 of 5","subColor":"#c9b48a","hit":true,"alpha":1,"labA":1,"hand":true}]
  ✓ NEW GAME again → the sheet again
  ✓ NEW wipes the climb and opens the sign sheet — the normal fresh flow
  ✓ the old checkpoint is GONE
  ✓ …and the door VANISHES at once — not rendered, and the column closes to 454/522/590  [{"vis":false,"col":[454,522,590]}]
  ✓ the meadow stands on an older build's checkpoint (no actIdx)
  ✓ the door is rendered, alive, and re-derives the act: "ACT II · fight 3 of 5"  [{"rowY":429,"vis":true,"h":58,"lift":9,"label":"CONTINUE GAME","sub":"ACT II  ·  fight 3 of 5","subColor":"#c9b48a","hit":true,"alpha":1,"labA":1,"hand":true}]
  ✓ a garbage checkpoint reads as none
  ✓ the meadow stands for the win
  ✓ the door heads the column before the win
  ✓ the climb resumes
  ✓ the campaign is won: checkpoint cleared
  ✓ home again after the win
  ✓ …and CONTINUE GAME is gone, the column closed: nothing left to continue  [[454,522,590]]
  ✓ dawn: one side of the glyph pops from the band (8.26 ≥ 2.5) and the rim is darker than it  [bg 0.6174 bright 0.7239 dark 0.0308 · ink/bg 1.16 rim/bg 8.26 · old grey 1.88 · span 9.58]
  ✓ dawn: glyph definition beats the old grey on the SAME band (span 9.58 ≥ 6, ≥ 1.5× the grey's 1.88)  [bg 0.6174 bright 0.7239 dark 0.0308 · ink/bg 1.16 rim/bg 8.26 · old grey 1.88 · span 9.58]
  ✓ meadow back for the doors
  ✓ NEW GAME (no checkpoint) → straight to the sign sheet, no warning sheet
  ✓ …BEGIN on THE OPEN SKY → the star chart
  ✓ …the glowing node → NEW GAME boots the climb for real
  ✓ meadow back
  ✓ VERSUS → the versus menu
  ✓ ?quick=1 boots straight into a quick run (no intro, no meadow tap)
  ✓ the German meadow stands
  ✓ de, no checkpoint: NEUES SPIEL heads a three-row column, CONTINUE not rendered  [{"label":"NEUES SPIEL","col":[454,522,590]}]
  ✓ de: the tagline is one line (one-line law)
  ✓ the Japanese meadow stands
  ✓ ja, with checkpoint: つづきから heads the four-row column, alive with its progress line  [{"cont":"つづきから","neu":"はじめから","col":[429,491,553,615]}]
  ✓ ja: the tagline is one line
  ✓ the whole run threw no page exceptions

69 passed, 0 failed
