
TIER-CHECK · sigil tiers and the upgrade offer

— THE LADDER TABLE —
  ✓ quick run at pick
  ✓ sky blocked (local net)  [local]
  ✓ all 24 ladders resolve the pinned table through ssSigilVal
  ✓ comet walks 1/2/3 exactly (Skylar-fixed), a bare read is tier I
  ✓ grade slots: 4-step I·II·III·IV, 3-step I·II·IV (epic skipped), 2-step I·IV  [{"q":[1,2,3,4],"c":[1,2,4],"f":[1,4]}]
  ✓ live rows carry up 0.35; versus none; the enum stands
  ✓ the ten tongues carry the upgrade dress (upHead · upMax · rarityEpic)

— EVERY SIGIL SCALES —
  ✓ quill pays +4/+6/+8/+11 (I→IV)
  ✓ longbow pays +12/+18/+26 on 6 letters, nothing on 5
  ✓ roots pays +2/+3/+4 per held sigil
  ✓ verse pays +1/+2 per woven word (7 woven)
  ✓ blood raises the word +25/+40/+50%
  ✓ …and the beast side stays +25% at every tier
  ✓ nova doubles from 7 letters at I, from 6 at its height
  ✓ storm doubles every 3rd word at I, every 2nd at its height
  ✓ first light doubles at I, triples at its height
  ✓ choir/runes raise the letters +2/+3/+4 — cast and chip together
  ✓ hush delays the strike +1 at I, +2 at its height
  ✓ gilded deals 1 gilded / 2 gilded / 2 STAR tiles at battle start
  ✓ the tome reveals once at I, twice at its higher tiers — the third asks nothing
  ✓ comet grants 1/2/3 free scries with matching pips, then the strike ticks
  ✓ the shield at its height blocks TWO strikes, the third lands
  ✓ ward cuts 3/5/8 (a 20 strike lands 12 at its height)
  ✓ eclipse cuts to a half then a third (20 → 7)
  ✓ the feather revives at 1, and at 15 at its height
  ✓ a real 5-letter cast heals salve 8 + leech 3 at their heights
  ✓ the forge at its height forges off a FOUR-letter cast (tier I does not)
  ✓ echo at its height carries the surplus TWICE OVER into the next beast
  ✓ the meteor at its height grows the vessel +3 per fell, then fills it
  ✓ a new AEGIS still grants its tier-I vessel (+20, healed) from the pick
  ✓ no page errors (the scales)

— THE DESC IS GENERATED FROM THE NUMBERS —
  ✓ quill speaks its rung: +4 / +6 / +8 / +11
  ✓ a live dial moves the text with it (tl add 99 → the desc says 99)
  ✓ a variant ladder speaks its own words per rung (comet, en)
  ✓ the tier clamps: 0 and 9 read the ladder ends, never garbage
  ✓ a language still carrying the old 2-tuple shows its base desc at any tier

— THE STRENGTHEN SCREEN —
  ✓ fresh campaign stands
  ✓ the vowel chip reads +2 before the rite  [gv-3-#7d4a10-s]
  ✓ an upgrade intent opens the STRENGTHEN screen  [upgrade]
  ✓ only the upgradable row is tagged; the maxed row shows AT ITS HEIGHT  [["✦ AT ITS HEIGHT ✦"]]
  ✓ the header and the grade pair are on the glass (I → II · RARE)
  ✓ the row speaks the NEXT tier; the maxed row speaks what it does  [{"choir":"Vowels are worth +3 each.","first":"Your first word each battle deals triple."}]
  ✓ a tap on the maxed row is dead — the screen stands, tiers untouched
  ✓ a real tap takes the upgrade
  ✓ choir stands at tier 2 and the standing chip reads +3 with its spark  [gv-4-#7d4a10-s]
  ✓ the dock wears the II numeral
  ✓ …and the run rides on to the star chart
  ✓ the march lands the next fight
  ✓ a dry new-sigil pool crosses a sigil offer over to the upgrade screen  [upgrade]
  ✓ taking it rides on (choir → III)
  ✓ the march lands again
  ✓ upgrade intent with nothing upgradable AND a dry pool rides on — no dead screen  [map]
  ✓ the march lands once more
  ✓ all held maxed → the upgrade intent falls to the sigil pick  [sigil]
  ✓ the pick takes
  ✓ an AEGIS upgrade grants the DELTA, healed (70→80 max; hp 50 +6 fell +10 delta = 66)
  ✓ no page errors (the screen)

— THE SHARE AND THE SHARED DAY —
  ✓ the intents are deterministic per seed
  ✓ the run's first paying fight is NEVER an upgrade (300 seeds)
  ✓ the upgrade share tracks the dial (~0.35)  [0.347]
  ✓ daily battle one at pick
  ✓ daily battle two at pick
  ✓ every hunter meets the same offer KINDS that day (shared-fair)  [[[0,"sigil"],[2,"upgrade"]]]
  ✓ …and the daily's first offer is a sigil
  ✓ the tome at its height taxes the end score 15% (the daily ledger pays it)  [expected 1050]

— THE CHECKPOINT —
  ✓ fresh campaign for the round-trip
  ✓ saveCheckpoint writes the tiers  [{"quill":3,"choir":2}]
  ✓ the resumed climb stands
  ✓ the tiers stand (quill III · choir II), hpMax un-regranted
  ✓ damage pays tier III (+8) after the resume
  ✓ the schedule AND the intents recompute identically
  ✓ the prewarm bakes the RAISED chips a resumed choir deals
  ✓ a pre-tier checkpoint still resumes
  ✓ …at tier I: empty tiers, quill pays today's +4
  ✓ no page errors (the checkpoint)

— A NATURAL DEMO QUICK RUN THROUGH AN UPGRADE —
  ✓ the demo run stands
  ✓ the demo reaches its end unaided
  ✓ …and strengthened a sigil on the way (demoStep took the upgrade screen)  [{"choir":2}]
  ✓ no page errors (the demo)

79 passed · 0 failed
