  ✓ the tolerance starts at ±75 and opens +75 per 3s of combined wait
  ✓ vsPickRoom takes the closest host within tolerance and skips the far one
  ✓ the far host comes into reach once the combined wait has opened the tolerance
  ✓ a host only ever migrates into an OLDER room (the elder stays put)
-- near over far
  ✓ A (1000) presses FIND and opens a room, seekAt stamped
  ✓ B (1600) finds A too far (600 > 75) and opens a room of their own
  ✓ C (1050) takes the seat in A's room, not B's
  ✓ B is still alone in their own room
  ✓ A's room rose into the duel
  ✓ the searching screen is the lobby as before — B's tab sits in vsbattle waiting
-- lone searcher widens
  ✓ A opens a room
  ✓ B (1600, veiled) opens a room of their own
  ✓ the veiled seat still queues by its true number (rating 1600, rhide 1)
  ✓ as the tolerance opens, B (the younger room) migrates into A's room  [after 12s]
  ✓ B's own room is gone — no orphan left behind
  ✓ B's tab now stands in A's room
  ✓ the duel rises
-- three at once, repeated
  ✓ run 1: one pair and one lone searcher, every uid seated exactly once  [rooms 1,2]
  ✓ run 1: no room holds more than two, none is orphaned (every room has its host seated)
  ✓ run 1: the lone searcher was met by one of the circle (uid cut like a device uid)  [uwoxxvh06mtk9z9ok after 9s]
  ✓ run 1: exactly one such seat across the sky
  ✓ run 2: one pair and one lone searcher, every uid seated exactly once  [rooms 1,2]
  ✓ run 2: no room holds more than two, none is orphaned (every room has its host seated)
  ✓ run 2: the lone searcher was met by one of the circle (uid cut like a device uid)  [umun0abjgmtka0gdz after 10s]
  ✓ run 2: exactly one such seat across the sky
  ✓ run 3: one pair and one lone searcher, every uid seated exactly once  [rooms 1,2]
  ✓ run 3: no room holds more than two, none is orphaned (every room has its host seated)
  ✓ run 3: the lone searcher was met by one of the circle (uid cut like a device uid)  [ue7o6z9l7mtka1ngm after 11s]
  ✓ run 3: exactly one such seat across the sky
-- two at 12s, 700 apart: each other, never the circle
  ✓ A (1000) and B (1700) each open a room — 700 apart is beyond any early tolerance
  ✓ at the 12s mark the younger crossed the gap into the elder: A and B share a room  [after 14s]
  ✓ no circle mage anywhere — only the two of them  [1 rooms]
  ✓ the duel rises
  ✓ no page exceptions across the three tabs

34 passed, 0 failed
