
WAKE-CHECK · progress you can track, a waking you can watch

— THE LAWS ON PAPER —
  ✓ booted
  ✓ quick run at pick
  ✓ sky blocked (local net)  [local]
  ✓ SS_SIG_NEAR is one dial in (0, 1)  [0.6]
  ✓ ssSigilAnnounce carries the onAll seam
  ✓ skiesNear exists in all ten languages, %1 and %2 both  [10]

— THE MOMENT: A REAL SCRY CROSSES ITS THRESHOLD —
  ✓ the meter before: 19 / 20, not done  [{"have":19,"need":20,"done":false}]
  ✓ COMET TRAIL still asleep, the pool still 12
  ✓ …and the sleeping sort already leads with it (19/20 tops every zero)  [comet]
  ✓ the twentieth SCRY — a real tap
  ✓ the rite rises right there, mid-run, naming COMET TRAIL  [comet]
  ✓ the board is held: state 'rite', never 'pick' under the veil  [rite]
  ✓ one rite on screen, never a stack
  ✓ the queue was spent as it showed — pend empty, the stamp down
  ✓ a tap lets it out and the turn comes back  [pick]
  ✓ the meter after: done  [{"have":20,"need":20,"done":true}]
  ✓ the sky grew: 13 open
  ✓ draw-eligible in the next roll: holding all-but-comet, the roll returns exactly it
  ✓ the run ends (a loss)
  ✓ endRun does NOT announce it again — the no-double law

— THE FIGHT'S END WAKES, AND THE OFFER CAN HOLD IT —
  ✓ fresh boot
  ✓ quick run at pick
  ✓ WHISPERING TOME one fell short, every open sigil already held
  ✓ the thirtieth fell wakes the TOME at the fight's end  [rite up]
  ✓ …BEFORE the offer opens (no card under the rite)
  ✓ one rite, held
  ✓ the rite closes into the offer this very win pays  [sigil]
  ✓ and the offer holds exactly the sigil that just woke  [{"n":1,"roll":["tome"]}]
  ✓ a real tap takes it — the woken sigil rides the run
  ✓ the next fight deals
  ✓ nothing left pending, nothing repeated

— NEVER MID-ANIMATION · TWO DISCOVERIES QUEUE —
  ✓ fresh boot
  ✓ quick run at pick
  ✓ a real word to cast  [[0,5,9,6,4,7,2]]
  ✓ the taps built the word  [[0,5,9,6,4,7,2]]
  ✓ the cast animation was sampled  [10 anim frames]
  ✓ no rite ever rose mid-animation
  ✓ GILDED DAWN wakes only when the cast has resolved  [gilded]
  ✓ COMET TRAIL speaks first (the roster's order)  [comet]
  ✓ …alone
  ✓ STARRY LONGBOW follows, never stacked  [longbow]
  ✓ the queue empties back into play
  ✓ three woke this run — all stamped, all open  [{"n":15,"u":["gilded","comet","longbow"]}]
  ✓ achievements untouched by the waking — award still fires once  [{"once":2,"twice":2,"has":true}]

— THE GALLERY: CLOSEST FIRST · THE DOOR SAYS HOW CLOSE —
  ✓ meadow boot
  ✓ meadow at rest
  ✓ a bare fresh profile still greets the old door form (m = 0)
  ✓ two now count as nearly there (96% and 75%; 50% does not)  [2]
  ✓ the sleeping sort: closest first, ties in the roster's own order  [gilded comet eclipse longbow forge blood tome storm echo nova verse meteor]
  ✓ the profile opens
  ✓ the door says how close: "12 awake · 2 nearly there"  [✦  YOUR SKIES · 12 awake · 2 nearly there  ›]
  ✓ …and the longer line fits its button (scaled, never clipped)
  ✓ the door opens the gallery
  ✓ the drawn rows keep that order — the chased bar tops the list  [gilded comet eclipse longbow forge blood tome storm echo nova verse meteor]
  ✓ each row still reads its own true fraction
  ✓ a waking re-counts the door: "13 awake · 1 nearly there"  [✦  YOUR SKIES · 13 awake · 1 nearly there  ›]
  ✓ …and the woken sigil left the sleeping sort
  ✓ with nothing near, the plain fraction returns: 13 / 24  [✦  YOUR SKIES  13 / 24  ›]

— EN ESPAÑOL —
  ✓ es boot
  ✓ meadow at rest
  ✓ the profile opens
  ✓ the door counts in Spanish: "12 despiertos · 1 a punto"  [✦  TUS CIELOS · 12 despiertos · 1 a punto  ›]
  ✓ no page errors

63 passed, 0 failed
